<html>
<body>
<pre>
<h1>礦ision Build Log</h1>
<h2>Tool Versions:</h2>
IDE-Version: μVision V5.25.2.0
Copyright (C) 2018 ARM Ltd and ARM Germany GmbH. All rights reserved.
License Information: aa aa, aa, LIC=----
 
Tool Versions:
Toolchain:       MDK-Lite  Version: 5.25.2.0
Toolchain Path:  C:\Keil_v5\ARM\ARMCC\Bin
C Compiler:      Armcc.exe V5.06 update 6 (build 750)
Assembler:       Armasm.exe V5.06 update 6 (build 750)
Linker/Locator:  ArmLink.exe V5.06 update 6 (build 750)
Library Manager: ArmAr.exe V5.06 update 6 (build 750)
Hex Converter:   FromElf.exe V5.06 update 6 (build 750)
CPU DLL:         SARMCM3.DLL V5.25.2.0
Dialog DLL:      DCM.DLL V1.17.1.0
Target DLL:      Segger\JL2CM3.dll V2.99.29.0
Dialog DLL:      TCM.DLL V1.35.1.0
 
<h2>Project:</h2>
C:\Users\admin\Desktop\keil\stm32-speech-recognition-master_L05\stm32-speech-recognition-master\语音识别.uvprojx
Project File Date:  06/02/2019

<h2>Output:</h2>
*** Using Compiler 'V5.06 update 6 (build 750)', folder: 'C:\Keil_v5\ARM\ARMCC\Bin'
Rebuild target 'Voice_Rec'
Clean started - Project: '语音识别'
   deleting intermediate output files for target 'Voice_Rec'
creating preprocessor file for main.c...
compiling main.c...
Src\APP\main.c(252): warning:  #128-D: loop is not reachable
        while(0)
Src\APP\main.c: 1 warning, 0 errors
creating preprocessor file for VAD.C...
compiling VAD.C...
creating preprocessor file for MFCC.C...
compiling MFCC.C...
creating preprocessor file for DTW.C...
compiling DTW.C...
creating preprocessor file for GUI.C...
compiling GUI.C...
Src\GUI\GUI.C(78): warning:  #223-D: function "USART1_printf_line" declared implicitly
          DBPLN("TSC_IN_TOUCH");
Src\GUI\GUI.C: 1 warning, 0 errors
creating preprocessor file for BSP.c...
compiling BSP.c...
Src\BSP\BSP.c(60): warning:  #167-D: argument of type "const char *" is incompatible with parameter of type "const u8 *"
          printGB2312Font24Dot(cnStr+i*2);
Src\BSP\BSP.c(71): warning:  #223-D: function "USART1_printf_line" declared implicitly
      DBPLN("start");
Src\BSP\BSP.c(73): warning:  #223-D: function "spiFlashInit" declared implicitly
      spiFlashInit();
Src\BSP\BSP.c(75): warning:  #223-D: function "touchPanelInit" declared implicitly
      touchPanelInit();
Src\BSP\BSP.c: 4 warnings, 0 errors
creating preprocessor file for ADC.C...
compiling ADC.C...
creating preprocessor file for delay.c...
compiling delay.c...
creating preprocessor file for Flash.C...
compiling Flash.C...
creating preprocessor file for SPI.C...
compiling SPI.C...
creating preprocessor file for TFTLCD.c...
compiling TFTLCD.c...
Src\BSP\TFTLCD.c(335): warning:  #177-D: variable "Addr"  was declared but never referenced
      u32 Addr;
Src\BSP\TFTLCD.c: 1 warning, 0 errors
creating preprocessor file for touch_panel.c...
compiling touch_panel.c...
Src\BSP\touch_panel.c(33): warning:  #188-D: enumerated type mixed with another type
      SELECT_TSC(false);
Src\BSP\touch_panel.c(62): warning:  #188-D: enumerated type mixed with another type
          SELECT_TSC(true);
Src\BSP\touch_panel.c(65): warning:  #223-D: function "delay_us" declared implicitly
          delay_us(6);
Src\BSP\touch_panel.c(80): warning:  #188-D: enumerated type mixed with another type
          SELECT_TSC(false);
Src\BSP\touch_panel.c(137): warning:  #223-D: function "USART1_printf_line" declared implicitly
          DBPLN("left=%d, top=%d",*X, *Y);
Src\BSP\touch_panel.c: 5 warnings, 0 errors
creating preprocessor file for USART.C...
compiling USART.C...
assembling cr4_fft_1024_stm32.s...
creating preprocessor file for spiFlash.c...
compiling spiFlash.c...
Src\BSP\spiFlashTable.h(8211): warning:  #1-D: last line of file ends without a newline
  };
Src\BSP\spiFlash.c(70): warning:  #223-D: function "USART1_printf_line" declared implicitly
      DBPLN("start writeTableData");
Src\BSP\spiFlash.c(96): warning:  #223-D: function "USART1_printf_line" declared implicitly
      DBPLN("SPI flash before erase at %d:", TEST_ADDR);
Src\BSP\spiFlash.c(98): warning:  #223-D: function "USART1_print_hex" declared implicitly
      DBPH(testBuf, TEST_SIZE);
Src\BSP\spiFlash.c(124): warning:  #188-D: enumerated type mixed with another type
      GPIO_WriteBit(GPIOB, GPIO_Pin_12, !isSelect);
Src\BSP\spiFlash.c(137): warning:  #188-D: enumerated type mixed with another type
      spiFlashSelect(false);
Src\BSP\spiFlash.c(166): warning:  #188-D: enumerated type mixed with another type
      spiFlashSelect(true);
Src\BSP\spiFlash.c(171): warning:  #188-D: enumerated type mixed with another type
      spiFlashSelect(false);
Src\BSP\spiFlash.c(191): warning:  #188-D: enumerated type mixed with another type
      spiFlashSelect(true);
Src\BSP\spiFlash.c(202): warning:  #188-D: enumerated type mixed with another type
      spiFlashSelect(false);
Src\BSP\spiFlash.c(213): warning:  #188-D: enumerated type mixed with another type
      spiFlashSelect(true);
Src\BSP\spiFlash.c(215): warning:  #188-D: enumerated type mixed with another type
      spiFlashSelect(false);
Src\BSP\spiFlash.c(219): warning:  #188-D: enumerated type mixed with another type
      spiFlashSelect(true);
Src\BSP\spiFlash.c(224): warning:  #188-D: enumerated type mixed with another type
      spiFlashSelect(false);
Src\BSP\spiFlash.c(249): warning:  #188-D: enumerated type mixed with another type
      spiFlashSelect(true);
Src\BSP\spiFlash.c(251): warning:  #188-D: enumerated type mixed with another type
      spiFlashSelect(false);
Src\BSP\spiFlash.c(255): warning:  #188-D: enumerated type mixed with another type
      spiFlashSelect(true);
Src\BSP\spiFlash.c(265): warning:  #188-D: enumerated type mixed with another type
      spiFlashSelect(false);
Src\BSP\spiFlash.c(278): warning:  #223-D: function "USART1_printf_line" declared implicitly
      DBPLN("font %02X %02X", gb2312Code[0], gb2312Code[1]);
Src\BSP\spiFlash.c(284): warning:  #223-D: function "USART1_printf" declared implicitly
                      DBP("*");
Src\BSP\spiFlash.c(286): warning:  #223-D: function "USART1_printf" declared implicitly
                      DBP(" ");
Src\BSP\spiFlash.c: 21 warnings, 0 errors
creating preprocessor file for core_cm3.c...
compiling core_cm3.c...
creating preprocessor file for stm32f10x_it.c...
compiling stm32f10x_it.c...
Src\StdPeriph_Driver\stm32f10x_it.c(568): warning:  #177-D: variable "i"  was declared but never referenced
        uint16_t i=0;
Src\StdPeriph_Driver\stm32f10x_it.c(569): warning:  #177-D: variable "b"  was declared but never referenced
    char b;
Src\StdPeriph_Driver\stm32f10x_it.c: 2 warnings, 0 errors
creating preprocessor file for system_stm32f10x.c...
compiling system_stm32f10x.c...
assembling startup_stm32f10x_hd.s...
creating preprocessor file for misc.c...
compiling misc.c...
creating preprocessor file for stm32f10x_adc.c...
compiling stm32f10x_adc.c...
creating preprocessor file for stm32f10x_bkp.c...
compiling stm32f10x_bkp.c...
creating preprocessor file for stm32f10x_can.c...
compiling stm32f10x_can.c...
creating preprocessor file for stm32f10x_cec.c...
compiling stm32f10x_cec.c...
creating preprocessor file for stm32f10x_crc.c...
compiling stm32f10x_crc.c...
creating preprocessor file for stm32f10x_dac.c...
compiling stm32f10x_dac.c...
creating preprocessor file for stm32f10x_dbgmcu.c...
compiling stm32f10x_dbgmcu.c...
creating preprocessor file for stm32f10x_dma.c...
compiling stm32f10x_dma.c...
creating preprocessor file for stm32f10x_exti.c...
compiling stm32f10x_exti.c...
creating preprocessor file for stm32f10x_flash.c...
compiling stm32f10x_flash.c...
creating preprocessor file for stm32f10x_fsmc.c...
compiling stm32f10x_fsmc.c...
creating preprocessor file for stm32f10x_gpio.c...
compiling stm32f10x_gpio.c...
creating preprocessor file for stm32f10x_i2c.c...
compiling stm32f10x_i2c.c...
creating preprocessor file for stm32f10x_iwdg.c...
compiling stm32f10x_iwdg.c...
creating preprocessor file for stm32f10x_pwr.c...
compiling stm32f10x_pwr.c...
creating preprocessor file for stm32f10x_rcc.c...
compiling stm32f10x_rcc.c...
creating preprocessor file for stm32f10x_rtc.c...
compiling stm32f10x_rtc.c...
creating preprocessor file for stm32f10x_sdio.c...
compiling stm32f10x_sdio.c...
creating preprocessor file for stm32f10x_spi.c...
compiling stm32f10x_spi.c...
creating preprocessor file for stm32f10x_tim.c...
compiling stm32f10x_tim.c...
creating preprocessor file for stm32f10x_usart.c...
compiling stm32f10x_usart.c...
creating preprocessor file for stm32f10x_wwdg.c...
compiling stm32f10x_wwdg.c...
linking...
Program Size: Code=9892 RO-data=336 RW-data=504 ZI-data=37232  
".\Object\stm32-speech-recognition.axf" - 0 Error(s), 35 Warning(s).

*** Performing Cross-Module-Optimization:
compiling main.c...
Src\APP\main.c(252): warning:  #128-D: loop is not reachable
        while(0)
Src\APP\main.c: 1 warning, 0 errors
compiling VAD.C...
compiling MFCC.C...
compiling DTW.C...
compiling GUI.C...
Src\GUI\GUI.C(78): warning:  #223-D: function "USART1_printf_line" declared implicitly
          DBPLN("TSC_IN_TOUCH");
Src\GUI\GUI.C: 1 warning, 0 errors
compiling BSP.c...
Src\BSP\BSP.c(60): warning:  #167-D: argument of type "const char *" is incompatible with parameter of type "const u8 *"
          printGB2312Font24Dot(cnStr+i*2);
Src\BSP\BSP.c(71): warning:  #223-D: function "USART1_printf_line" declared implicitly
      DBPLN("start");
Src\BSP\BSP.c(73): warning:  #223-D: function "spiFlashInit" declared implicitly
      spiFlashInit();
Src\BSP\BSP.c(75): warning:  #223-D: function "touchPanelInit" declared implicitly
      touchPanelInit();
Src\BSP\BSP.c: 4 warnings, 0 errors
compiling delay.c...
compiling Flash.C...
compiling SPI.C...
compiling TFTLCD.c...
Src\BSP\TFTLCD.c(335): warning:  #177-D: variable "Addr"  was declared but never referenced
      u32 Addr;
Src\BSP\TFTLCD.c: 1 warning, 0 errors
compiling touch_panel.c...
Src\BSP\touch_panel.c(33): warning:  #188-D: enumerated type mixed with another type
      SELECT_TSC(false);
Src\BSP\touch_panel.c(62): warning:  #188-D: enumerated type mixed with another type
          SELECT_TSC(true);
Src\BSP\touch_panel.c(65): warning:  #223-D: function "delay_us" declared implicitly
          delay_us(6);
Src\BSP\touch_panel.c(80): warning:  #188-D: enumerated type mixed with another type
          SELECT_TSC(false);
Src\BSP\touch_panel.c(137): warning:  #223-D: function "USART1_printf_line" declared implicitly
          DBPLN("left=%d, top=%d",*X, *Y);
Src\BSP\touch_panel.c: 5 warnings, 0 errors
compiling USART.C...
compiling spiFlash.c...
Src\BSP\spiFlashTable.h(8211): warning:  #1-D: last line of file ends without a newline
  };
Src\BSP\spiFlash.c(70): warning:  #223-D: function "USART1_printf_line" declared implicitly
      DBPLN("start writeTableData");
Src\BSP\spiFlash.c(96): warning:  #223-D: function "USART1_printf_line" declared implicitly
      DBPLN("SPI flash before erase at %d:", TEST_ADDR);
Src\BSP\spiFlash.c(98): warning:  #223-D: function "USART1_print_hex" declared implicitly
      DBPH(testBuf, TEST_SIZE);
Src\BSP\spiFlash.c(124): warning:  #188-D: enumerated type mixed with another type
      GPIO_WriteBit(GPIOB, GPIO_Pin_12, !isSelect);
Src\BSP\spiFlash.c(137): warning:  #188-D: enumerated type mixed with another type
      spiFlashSelect(false);
Src\BSP\spiFlash.c(166): warning:  #188-D: enumerated type mixed with another type
      spiFlashSelect(true);
Src\BSP\spiFlash.c(171): warning:  #188-D: enumerated type mixed with another type
      spiFlashSelect(false);
Src\BSP\spiFlash.c(191): warning:  #188-D: enumerated type mixed with another type
      spiFlashSelect(true);
Src\BSP\spiFlash.c(202): warning:  #188-D: enumerated type mixed with another type
      spiFlashSelect(false);
Src\BSP\spiFlash.c(213): warning:  #188-D: enumerated type mixed with another type
      spiFlashSelect(true);
Src\BSP\spiFlash.c(215): warning:  #188-D: enumerated type mixed with another type
      spiFlashSelect(false);
Src\BSP\spiFlash.c(219): warning:  #188-D: enumerated type mixed with another type
      spiFlashSelect(true);
Src\BSP\spiFlash.c(224): warning:  #188-D: enumerated type mixed with another type
      spiFlashSelect(false);
Src\BSP\spiFlash.c(249): warning:  #188-D: enumerated type mixed with another type
      spiFlashSelect(true);
Src\BSP\spiFlash.c(251): warning:  #188-D: enumerated type mixed with another type
      spiFlashSelect(false);
Src\BSP\spiFlash.c(255): warning:  #188-D: enumerated type mixed with another type
      spiFlashSelect(true);
Src\BSP\spiFlash.c(265): warning:  #188-D: enumerated type mixed with another type
      spiFlashSelect(false);
Src\BSP\spiFlash.c(278): warning:  #223-D: function "USART1_printf_line" declared implicitly
      DBPLN("font %02X %02X", gb2312Code[0], gb2312Code[1]);
Src\BSP\spiFlash.c(284): warning:  #223-D: function "USART1_printf" declared implicitly
                      DBP("*");
Src\BSP\spiFlash.c(286): warning:  #223-D: function "USART1_printf" declared implicitly
                      DBP(" ");
Src\BSP\spiFlash.c: 21 warnings, 0 errors
compiling core_cm3.c...
compiling stm32f10x_it.c...
Src\StdPeriph_Driver\stm32f10x_it.c(568): warning:  #177-D: variable "i"  was declared but never referenced
        uint16_t i=0;
Src\StdPeriph_Driver\stm32f10x_it.c(569): warning:  #177-D: variable "b"  was declared but never referenced
    char b;
Src\StdPeriph_Driver\stm32f10x_it.c: 2 warnings, 0 errors
compiling system_stm32f10x.c...
compiling misc.c...
compiling stm32f10x_adc.c...
compiling stm32f10x_bkp.c...
compiling stm32f10x_can.c...
compiling stm32f10x_cec.c...
compiling stm32f10x_crc.c...
compiling stm32f10x_dac.c...
compiling stm32f10x_dbgmcu.c...
compiling stm32f10x_dma.c...
compiling stm32f10x_exti.c...
compiling stm32f10x_flash.c...
compiling stm32f10x_fsmc.c...
compiling stm32f10x_gpio.c...
compiling stm32f10x_i2c.c...
compiling stm32f10x_iwdg.c...
compiling stm32f10x_pwr.c...
compiling stm32f10x_rcc.c...
compiling stm32f10x_rtc.c...
compiling stm32f10x_sdio.c...
compiling stm32f10x_spi.c...
compiling stm32f10x_tim.c...
compiling stm32f10x_usart.c...
compiling stm32f10x_wwdg.c...
linking...
Program Size: Code=9892 RO-data=336 RW-data=504 ZI-data=37232  
FromELF: creating hex file...
".\Object\stm32-speech-recognition.axf" - 0 Error(s), 35 Warning(s).
*** Completed Cross-Module-Optimization after 2 iteration(s).

<h2>Software Packages used:</h2>

Package Vendor: Keil
                http://www.keil.com/pack/Keil.STM32F1xx_DFP.2.3.0.pack
                Keil.STM32F1xx_DFP.2.3.0
                STMicroelectronics STM32F1 Series Device Support, Drivers and Examples

<h2>Collection of Component include folders:</h2>
  .\RTE\_Voice_Rec
  C:\Keil_v5\ARM\PACK\Keil\STM32F1xx_DFP\2.3.0\Device\Include

<h2>Collection of Component Files used:</h2>
Build Time Elapsed:  00:00:28
</pre>
</body>
</html>
