Component: ARM Compiler 5.06 update 6 (build 750) Tool: armlink [4d35ed]

==============================================================================

Section Cross References

    main.o(i.main) refers to bsp.o(i.BSP_Init) for BSP_Init
    main.o(i.main) refers to usart.o(i.USART1_printf) for USART1_printf
    main.o(i.main) refers to usart.o(i.scanf1) for scanf1
    main.o(i.main) refers to delay.o(i.delay_ms) for delay_ms
    main.o(i.main) refers to usart.o(i.printf1) for printf1
    main.o(i.main) refers to main.o(.bss) for c
    main.o(i.prc) refers to usart.o(i.USART1_printf) for USART1_printf
    main.o(i.prc) refers to main.o(i.record) for record
    main.o(i.prc) refers to main.o(i.save_mdl) for save_mdl
    main.o(i.prc) refers to main.o(.bss) for VcBuf
    main.o(i.recg) refers to usart.o(i.USART1_printf) for USART1_printf
    main.o(i.recg) refers to main.o(i.record) for record
    main.o(i.recg) refers to main.o(i.spch_recg) for spch_recg
    main.o(i.recg) refers to main.o(.bss) for VcBuf
    main.o(i.record) refers to delay.o(i.delay_ms) for delay_ms
    main.o(i.record) refers to stm32f10x_tim.o(i.TIM_Cmd) for TIM_Cmd
    main.o(i.record) refers to usart.o(i.USART1_printf) for USART1_printf
    main.o(i.record) refers to stm32f10x_dma.o(i.DMA_GetFlagStatus) for DMA_GetFlagStatus
    main.o(i.record) refers to stm32f10x_dma.o(i.DMA_ClearFlag) for DMA_ClearFlag
    main.o(i.save_mdl) refers to vad.o(i.noise_atap) for noise_atap
    main.o(i.save_mdl) refers to vad.o(i.VAD) for VAD
    main.o(i.save_mdl) refers to mfcc.o(i.get_mfcc) for get_mfcc
    main.o(i.save_mdl) refers to usart.o(i.USART1_printf) for USART1_printf
    main.o(i.save_mdl) refers to flash.o(i.save_ftr_mdl) for save_ftr_mdl
    main.o(i.save_mdl) refers to main.o(.bss) for atap_arg
    main.o(i.spch_recg) refers to vad.o(i.noise_atap) for noise_atap
    main.o(i.spch_recg) refers to vad.o(i.VAD) for VAD
    main.o(i.spch_recg) refers to usart.o(i.USART1_printf) for USART1_printf
    main.o(i.spch_recg) refers to mfcc.o(i.get_mfcc) for get_mfcc
    main.o(i.spch_recg) refers to dtw.o(i.dtw) for dtw
    main.o(i.spch_recg) refers to main.o(.bss) for atap_arg
    main.o(i.spch_recg) refers to main.o(.data) for commstr
    mfcc.o(i.fft) refers to cr4_fft_1024_stm32.o(.text) for cr4_fft_1024_stm32
    mfcc.o(i.fft) refers to fflti.o(.text) for __aeabi_i2f
    mfcc.o(i.fft) refers to sqrtf.o(i.sqrtf) for sqrtf
    mfcc.o(i.fft) refers to fmul.o(.text) for __aeabi_fmul
    mfcc.o(i.fft) refers to ffixui.o(.text) for __aeabi_f2uiz
    mfcc.o(i.fft) refers to mfcc.o(.bss) for fft_in
    mfcc.o(i.get_mfcc) refers to usart.o(i.USART1_printf) for USART1_printf
    mfcc.o(i.get_mfcc) refers to mfcc.o(i.fft) for fft
    mfcc.o(i.get_mfcc) refers to dfltui.o(.text) for __aeabi_ui2d
    mfcc.o(i.get_mfcc) refers to log.o(i.log) for log
    mfcc.o(i.get_mfcc) refers to dmul.o(.text) for __aeabi_dmul
    mfcc.o(i.get_mfcc) refers to dfixui.o(.text) for __aeabi_d2uiz
    mfcc.o(i.get_mfcc) refers to mfcc.o(.constdata) for hamm
    dtw.o(i.dtw) refers to dtw.o(i.get_dis) for get_dis
    dtw.o(i.dtw) refers to dtw.o(i.dtw_limit) for dtw_limit
    dtw.o(i.dtw) refers to dtw.o(.data) for in_frm_num
    dtw.o(i.dtw_limit) refers to dtw.o(.data) for X1
    dtw.o(i.get_dis) refers to ffltui.o(.text) for __aeabi_ui2f
    dtw.o(i.get_dis) refers to sqrtf.o(i.sqrtf) for sqrtf
    dtw.o(i.get_dis) refers to ffixui.o(.text) for __aeabi_f2uiz
    dtw.o(i.get_mdl) refers to dtw.o(i.get_dis) for get_dis
    dtw.o(i.get_mdl) refers to dtw.o(i.get_mean) for get_mean
    dtw.o(i.get_mdl) refers to dtw.o(i.dtw_limit) for dtw_limit
    dtw.o(i.get_mdl) refers to usart.o(i.USART1_printf) for USART1_printf
    dtw.o(i.get_mdl) refers to dtw.o(.data) for in_frm_num
    dtw.o(i.get_mean) refers to usart.o(i.USART1_printf) for USART1_printf
    gui.o(i.GUI_ClrArea) refers to tftlcd.o(i.LCD_Fill) for LCD_Fill
    gui.o(i.GUI_DispStr) refers to tftlcd.o(i.LCD_ShowCN) for LCD_ShowCN
    gui.o(i.GUI_DispStr) refers to tftlcd.o(i.LCD_ShowChar) for LCD_ShowChar
    gui.o(i.GUI_HideArea) refers to tftlcd.o(i.LCD_Fill) for LCD_Fill
    gui.o(i.GUI_HideArea) refers to gui.o(.data) for Screen
    gui.o(i.GUI_printf) refers to printfa.o(i.__0vsnprintf) for __c89vsnprintf
    gui.o(i.GUI_printf) refers to gui.o(i.GUI_DispStr) for GUI_DispStr
    gui.o(i.touch_area) refers to gui.o(.data) for touch_left
    gui.o(i.wait_touch) refers to stm32f10x_gpio.o(i.GPIO_ReadInputDataBit) for GPIO_ReadInputDataBit
    gui.o(i.wait_touch) refers to usart.o(i.USART1_printf_line) for USART1_printf_line
    gui.o(i.wait_touch) refers to touch_panel.o(i.touch_panel_read) for touch_panel_read
    gui.o(i.wait_touch) refers to gui.o(.data) for touch_top
    bsp.o(i.BSP_CPU_ClkFreq) refers to stm32f10x_rcc.o(i.RCC_GetClocksFreq) for RCC_GetClocksFreq
[...]
    Removing stm32f10x_fsmc.o(i.FSMC_NANDCmd), (92 bytes).
    Removing stm32f10x_fsmc.o(i.FSMC_NANDDeInit), (68 bytes).
    Removing stm32f10x_fsmc.o(i.FSMC_NANDECCCmd), (92 bytes).
    Removing stm32f10x_fsmc.o(i.FSMC_NANDInit), (136 bytes).
    Removing stm32f10x_fsmc.o(i.FSMC_NANDStructInit), (54 bytes).
    Removing stm32f10x_fsmc.o(i.FSMC_NORSRAMDeInit), (54 bytes).
    Removing stm32f10x_fsmc.o(i.FSMC_NORSRAMStructInit), (112 bytes).
    Removing stm32f10x_fsmc.o(i.FSMC_PCCARDCmd), (48 bytes).
    Removing stm32f10x_fsmc.o(i.FSMC_PCCARDDeInit), (40 bytes).
    Removing stm32f10x_fsmc.o(i.FSMC_PCCARDInit), (132 bytes).
    Removing stm32f10x_fsmc.o(i.FSMC_PCCARDStructInit), (60 bytes).
    Removing stm32f10x_gpio.o(i.GPIO_AFIODeInit), (20 bytes).
    Removing stm32f10x_gpio.o(i.GPIO_DeInit), (200 bytes).
    Removing stm32f10x_gpio.o(i.GPIO_ETH_MediaInterfaceConfig), (12 bytes).
    Removing stm32f10x_gpio.o(i.GPIO_EXTILineConfig), (64 bytes).
    Removing stm32f10x_gpio.o(i.GPIO_EventOutputCmd), (12 bytes).
    Removing stm32f10x_gpio.o(i.GPIO_EventOutputConfig), (32 bytes).
    Removing stm32f10x_gpio.o(i.GPIO_PinLockConfig), (18 bytes).
    Removing stm32f10x_gpio.o(i.GPIO_PinRemapConfig), (144 bytes).
    Removing stm32f10x_gpio.o(i.GPIO_ReadInputData), (8 bytes).
    Removing stm32f10x_gpio.o(i.GPIO_ReadInputDataBit), (18 bytes).
    Removing stm32f10x_gpio.o(i.GPIO_ReadOutputData), (8 bytes).
    Removing stm32f10x_gpio.o(i.GPIO_ReadOutputDataBit), (18 bytes).
    Removing stm32f10x_gpio.o(i.GPIO_SetBits), (4 bytes).
    Removing stm32f10x_gpio.o(i.GPIO_StructInit), (16 bytes).
    Removing stm32f10x_gpio.o(i.GPIO_Write), (4 bytes).
    Removing stm32f10x_i2c.o(i.I2C_ARPCmd), (24 bytes).
    Removing stm32f10x_i2c.o(i.I2C_AcknowledgeConfig), (24 bytes).
    Removing stm32f10x_i2c.o(i.I2C_CalculatePEC), (24 bytes).
    Removing stm32f10x_i2c.o(i.I2C_CheckEvent), (42 bytes).
    Removing stm32f10x_i2c.o(i.I2C_ClearFlag), (12 bytes).
    Removing stm32f10x_i2c.o(i.I2C_ClearITPendingBit), (12 bytes).
    Removing stm32f10x_i2c.o(i.I2C_Cmd), (24 bytes).
    Removing stm32f10x_i2c.o(i.I2C_DMACmd), (24 bytes).
    Removing stm32f10x_i2c.o(i.I2C_DMALastTransferCmd), (24 bytes).
    Removing stm32f10x_i2c.o(i.I2C_DeInit), (56 bytes).
    Removing stm32f10x_i2c.o(i.I2C_DualAddressCmd), (24 bytes).
    Removing stm32f10x_i2c.o(i.I2C_FastModeDutyCycleConfig), (28 bytes).
    Removing stm32f10x_i2c.o(i.I2C_GeneralCallCmd), (24 bytes).
    Removing stm32f10x_i2c.o(i.I2C_GenerateSTART), (24 bytes).
    Removing stm32f10x_i2c.o(i.I2C_GenerateSTOP), (24 bytes).
    Removing stm32f10x_i2c.o(i.I2C_GetFlagStatus), (58 bytes).
    Removing stm32f10x_i2c.o(i.I2C_GetITStatus), (38 bytes).
    Removing stm32f10x_i2c.o(i.I2C_GetLastEvent), (26 bytes).
    Removing stm32f10x_i2c.o(i.I2C_GetPEC), (8 bytes).
    Removing stm32f10x_i2c.o(i.I2C_ITConfig), (18 bytes).
    Removing stm32f10x_i2c.o(i.I2C_Init), (236 bytes).
    Removing stm32f10x_i2c.o(i.I2C_OwnAddress2Config), (22 bytes).
    Removing stm32f10x_i2c.o(i.I2C_PECPositionConfig), (28 bytes).
    Removing stm32f10x_i2c.o(i.I2C_ReadRegister), (22 bytes).
    Removing stm32f10x_i2c.o(i.I2C_ReceiveData), (8 bytes).
    Removing stm32f10x_i2c.o(i.I2C_SMBusAlertConfig), (28 bytes).
    Removing stm32f10x_i2c.o(i.I2C_Send7bitAddress), (18 bytes).
    Removing stm32f10x_i2c.o(i.I2C_SendData), (4 bytes).
    Removing stm32f10x_i2c.o(i.I2C_SoftwareResetCmd), (22 bytes).
    Removing stm32f10x_i2c.o(i.I2C_StretchClockCmd), (24 bytes).
    Removing stm32f10x_i2c.o(i.I2C_StructInit), (30 bytes).
    Removing stm32f10x_i2c.o(i.I2C_TransmitPEC), (24 bytes).
    Removing stm32f10x_iwdg.o(i.IWDG_Enable), (16 bytes).
    Removing stm32f10x_iwdg.o(i.IWDG_GetFlagStatus), (24 bytes).
    Removing stm32f10x_iwdg.o(i.IWDG_ReloadCounter), (16 bytes).
    Removing stm32f10x_iwdg.o(i.IWDG_SetPrescaler), (12 bytes).
    Removing stm32f10x_iwdg.o(i.IWDG_SetReload), (12 bytes).
    Removing stm32f10x_iwdg.o(i.IWDG_WriteAccessCmd), (12 bytes).
    Removing stm32f10x_pwr.o(i.PWR_BackupAccessCmd), (12 bytes).
    Removing stm32f10x_pwr.o(i.PWR_ClearFlag), (20 bytes).
    Removing stm32f10x_pwr.o(i.PWR_DeInit), (22 bytes).
    Removing stm32f10x_pwr.o(i.PWR_EnterSTANDBYMode), (52 bytes).
    Removing stm32f10x_pwr.o(i.PWR_EnterSTOPMode), (64 bytes).
    Removing stm32f10x_pwr.o(i.PWR_GetFlagStatus), (24 bytes).
    Removing stm32f10x_pwr.o(i.PWR_PVDCmd), (12 bytes).
    Removing stm32f10x_pwr.o(i.PWR_PVDLevelConfig), (24 bytes).
    Removing stm32f10x_pwr.o(i.PWR_WakeUpPinCmd), (12 bytes).
    Removing stm32f10x_rcc.o(i.RCC_APB1PeriphResetCmd), (32 bytes).
    Removing stm32f10x_rcc.o(i.RCC_APB2PeriphResetCmd), (32 bytes).
    Removing stm32f10x_rcc.o(i.RCC_AdjustHSICalibrationValue), (24 bytes).
    Removing stm32f10x_rcc.o(i.RCC_BackupResetCmd), (12 bytes).
    Removing stm32f10x_rcc.o(i.RCC_ClearFlag), (20 bytes).
    Removing stm32f10x_rcc.o(i.RCC_ClearITPendingBit), (12 bytes).
    Removing stm32f10x_rcc.o(i.RCC_ClockSecuritySystemCmd), (12 bytes).
    Removing stm32f10x_rcc.o(i.RCC_DeInit), (76 bytes).
    Removing stm32f10x_rcc.o(i.RCC_GetFlagStatus), (60 bytes).
    Removing stm32f10x_rcc.o(i.RCC_GetITStatus), (24 bytes).
    Removing stm32f10x_rcc.o(i.RCC_GetSYSCLKSource), (16 bytes).
    Removing stm32f10x_rcc.o(i.RCC_HCLKConfig), (24 bytes).
    Removing stm32f10x_rcc.o(i.RCC_HSEConfig), (76 bytes).
    Removing stm32f10x_rcc.o(i.RCC_HSICmd), (12 bytes).
    Removing stm32f10x_rcc.o(i.RCC_ITConfig), (32 bytes).
    Removing stm32f10x_rcc.o(i.RCC_LSEConfig), (52 bytes).
    Removing stm32f10x_rcc.o(i.RCC_LSICmd), (12 bytes).
    Removing stm32f10x_rcc.o(i.RCC_MCOConfig), (12 bytes).
    Removing stm32f10x_rcc.o(i.RCC_PCLK1Config), (24 bytes).
    Removing stm32f10x_rcc.o(i.RCC_PCLK2Config), (24 bytes).
    Removing stm32f10x_rcc.o(i.RCC_PLLCmd), (12 bytes).
    Removing stm32f10x_rcc.o(i.RCC_PLLConfig), (28 bytes).
    Removing stm32f10x_rcc.o(i.RCC_RTCCLKCmd), (12 bytes).
    Removing stm32f10x_rcc.o(i.RCC_RTCCLKConfig), (16 bytes).
    Removing stm32f10x_rcc.o(i.RCC_SYSCLKConfig), (24 bytes).
    Removing stm32f10x_rcc.o(i.RCC_USBCLKConfig), (12 bytes).
    Removing stm32f10x_rcc.o(i.RCC_WaitForHSEStartUp), (56 bytes).
    Removing stm32f10x_rtc.o(i.RTC_ClearFlag), (16 bytes).
    Removing stm32f10x_rtc.o(i.RTC_ClearITPendingBit), (16 bytes).
    Removing stm32f10x_rtc.o(i.RTC_EnterConfigMode), (20 bytes).
    Removing stm32f10x_rtc.o(i.RTC_ExitConfigMode), (20 bytes).
    Removing stm32f10x_rtc.o(i.RTC_GetCounter), (20 bytes).
    Removing stm32f10x_rtc.o(i.RTC_GetDivider), (24 bytes).
    Removing stm32f10x_rtc.o(i.RTC_GetFlagStatus), (24 bytes).
    Removing stm32f10x_rtc.o(i.RTC_GetITStatus), (36 bytes).
    Removing stm32f10x_rtc.o(i.RTC_ITConfig), (32 bytes).
    Removing stm32f10x_rtc.o(i.RTC_SetAlarm), (28 bytes).
    Removing stm32f10x_rtc.o(i.RTC_SetCounter), (28 bytes).
    Removing stm32f10x_rtc.o(i.RTC_SetPrescaler), (32 bytes).
    Removing stm32f10x_rtc.o(i.RTC_WaitForLastTask), (20 bytes).
    Removing stm32f10x_rtc.o(i.RTC_WaitForSynchro), (36 bytes).
    Removing stm32f10x_sdio.o(i.SDIO_CEATAITCmd), (16 bytes).
    Removing stm32f10x_sdio.o(i.SDIO_ClearFlag), (12 bytes).
    Removing stm32f10x_sdio.o(i.SDIO_ClearITPendingBit), (12 bytes).
    Removing stm32f10x_sdio.o(i.SDIO_ClockCmd), (12 bytes).
    Removing stm32f10x_sdio.o(i.SDIO_CmdStructInit), (14 bytes).
    Removing stm32f10x_sdio.o(i.SDIO_CommandCompletionCmd), (12 bytes).
    Removing stm32f10x_sdio.o(i.SDIO_DMACmd), (12 bytes).
    Removing stm32f10x_sdio.o(i.SDIO_DataConfig), (48 bytes).
    Removing stm32f10x_sdio.o(i.SDIO_DataStructInit), (20 bytes).
    Removing stm32f10x_sdio.o(i.SDIO_DeInit), (36 bytes).
    Removing stm32f10x_sdio.o(i.SDIO_GetCommandResponse), (12 bytes).
    Removing stm32f10x_sdio.o(i.SDIO_GetDataCounter), (12 bytes).
    Removing stm32f10x_sdio.o(i.SDIO_GetFIFOCount), (12 bytes).
    Removing stm32f10x_sdio.o(i.SDIO_GetFlagStatus), (24 bytes).
    Removing stm32f10x_sdio.o(i.SDIO_GetITStatus), (24 bytes).
    Removing stm32f10x_sdio.o(i.SDIO_GetPowerState), (16 bytes).
    Removing stm32f10x_sdio.o(i.SDIO_GetResponse), (24 bytes).
    Removing stm32f10x_sdio.o(i.SDIO_ITConfig), (32 bytes).
    Removing stm32f10x_sdio.o(i.SDIO_Init), (48 bytes).
    Removing stm32f10x_sdio.o(i.SDIO_ReadData), (12 bytes).
    Removing stm32f10x_sdio.o(i.SDIO_SendCEATACmd), (12 bytes).
    Removing stm32f10x_sdio.o(i.SDIO_SendCommand), (44 bytes).
    Removing stm32f10x_sdio.o(i.SDIO_SendSDIOSuspendCmd), (12 bytes).
    Removing stm32f10x_sdio.o(i.SDIO_SetPowerState), (28 bytes).
    Removing stm32f10x_sdio.o(i.SDIO_SetSDIOOperation), (12 bytes).
    Removing stm32f10x_sdio.o(i.SDIO_SetSDIOReadWaitMode), (12 bytes).
    Removing stm32f10x_sdio.o(i.SDIO_StartSDIOReadWait), (12 bytes).
    Removing stm32f10x_sdio.o(i.SDIO_StopSDIOReadWait), (12 bytes).
    Removing stm32f10x_sdio.o(i.SDIO_StructInit), (16 bytes).
    Removing stm32f10x_sdio.o(i.SDIO_WriteData), (12 bytes).
    Removing stm32f10x_spi.o(i.I2S_Cmd), (24 bytes).
    Removing stm32f10x_spi.o(i.I2S_Init), (232 bytes).
    Removing stm32f10x_spi.o(i.I2S_StructInit), (20 bytes).
    Removing stm32f10x_spi.o(i.SPI_BiDirectionalLineConfig), (28 bytes).
    Removing stm32f10x_spi.o(i.SPI_CalculateCRC), (24 bytes).
    Removing stm32f10x_spi.o(i.SPI_DataSizeConfig), (18 bytes).
    Removing stm32f10x_spi.o(i.SPI_GetCRC), (16 bytes).
    Removing stm32f10x_spi.o(i.SPI_GetCRCPolynomial), (6 bytes).
    Removing stm32f10x_spi.o(i.SPI_I2S_ClearFlag), (6 bytes).
    Removing stm32f10x_spi.o(i.SPI_I2S_ClearITPendingBit), (20 bytes).
    Removing stm32f10x_spi.o(i.SPI_I2S_DMACmd), (18 bytes).
    Removing stm32f10x_spi.o(i.SPI_I2S_DeInit), (88 bytes).
    Removing stm32f10x_spi.o(i.SPI_I2S_GetFlagStatus), (18 bytes).
    Removing stm32f10x_spi.o(i.SPI_I2S_GetITStatus), (52 bytes).
    Removing stm32f10x_spi.o(i.SPI_I2S_ITConfig), (32 bytes).
    Removing stm32f10x_spi.o(i.SPI_I2S_ReceiveData), (6 bytes).
    Removing stm32f10x_spi.o(i.SPI_I2S_SendData), (4 bytes).
    Removing stm32f10x_spi.o(i.SPI_NSSInternalSoftwareConfig), (30 bytes).
    Removing stm32f10x_spi.o(i.SPI_SSOutputCmd), (24 bytes).
    Removing stm32f10x_spi.o(i.SPI_StructInit), (24 bytes).
    Removing stm32f10x_spi.o(i.SPI_TransmitCRC), (10 bytes).
    Removing stm32f10x_tim.o(i.TI1_Config), (56 bytes).
    Removing stm32f10x_tim.o(i.TI2_Config), (80 bytes).
    Removing stm32f10x_tim.o(i.TI3_Config), (72 bytes).
    Removing stm32f10x_tim.o(i.TI4_Config), (80 bytes).
    Removing stm32f10x_tim.o(i.TIM_ARRPreloadConfig), (24 bytes).
    Removing stm32f10x_tim.o(i.TIM_BDTRConfig), (32 bytes).
    Removing stm32f10x_tim.o(i.TIM_BDTRStructInit), (18 bytes).
    Removing stm32f10x_tim.o(i.TIM_CCPreloadControl), (24 bytes).
    Removing stm32f10x_tim.o(i.TIM_CCxCmd), (30 bytes).
    Removing stm32f10x_tim.o(i.TIM_CCxNCmd), (30 bytes).
    Removing stm32f10x_tim.o(i.TIM_ClearFlag), (6 bytes).
    Removing stm32f10x_tim.o(i.TIM_ClearITPendingBit), (6 bytes).
    Removing stm32f10x_tim.o(i.TIM_ClearOC1Ref), (18 bytes).
    Removing stm32f10x_tim.o(i.TIM_ClearOC2Ref), (24 bytes).
    Removing stm32f10x_tim.o(i.TIM_ClearOC3Ref), (18 bytes).
    Removing stm32f10x_tim.o(i.TIM_ClearOC4Ref), (24 bytes).
    Removing stm32f10x_tim.o(i.TIM_Cmd), (24 bytes).
    Removing stm32f10x_tim.o(i.TIM_CounterModeConfig), (18 bytes).
    Removing stm32f10x_tim.o(i.TIM_DMACmd), (18 bytes).
    Removing stm32f10x_tim.o(i.TIM_DMAConfig), (10 bytes).
    Removing stm32f10x_tim.o(i.TIM_DeInit), (488 bytes).
    Removing stm32f10x_tim.o(i.TIM_ETRClockMode1Config), (54 bytes).
    Removing stm32f10x_tim.o(i.TIM_ETRClockMode2Config), (32 bytes).
    Removing stm32f10x_tim.o(i.TIM_ETRConfig), (28 bytes).
    Removing stm32f10x_tim.o(i.TIM_EncoderInterfaceConfig), (66 bytes).
    Removing stm32f10x_tim.o(i.TIM_ForcedOC1Config), (18 bytes).
    Removing stm32f10x_tim.o(i.TIM_ForcedOC2Config), (26 bytes).
    Removing stm32f10x_tim.o(i.TIM_ForcedOC3Config), (18 bytes).
    Removing stm32f10x_tim.o(i.TIM_ForcedOC4Config), (26 bytes).
    Removing stm32f10x_tim.o(i.TIM_GenerateEvent), (4 bytes).
    Removing stm32f10x_tim.o(i.TIM_GetCapture1), (6 bytes).
    Removing stm32f10x_tim.o(i.TIM_GetCapture2), (6 bytes).
    Removing stm32f10x_tim.o(i.TIM_GetCapture3), (6 bytes).
    Removing stm32f10x_tim.o(i.TIM_GetCapture4), (8 bytes).
    Removing stm32f10x_tim.o(i.TIM_GetCounter), (6 bytes).
    Removing stm32f10x_tim.o(i.TIM_GetFlagStatus), (18 bytes).
    Removing stm32f10x_tim.o(i.TIM_GetITStatus), (34 bytes).
    Removing stm32f10x_tim.o(i.TIM_GetPrescaler), (6 bytes).
    Removing stm32f10x_tim.o(i.TIM_ICInit), (110 bytes).
    Removing stm32f10x_tim.o(i.TIM_ICStructInit), (18 bytes).
    Removing stm32f10x_tim.o(i.TIM_ITConfig), (18 bytes).
    Removing stm32f10x_tim.o(i.TIM_ITRxExternalClockConfig), (24 bytes).
    Removing stm32f10x_tim.o(i.TIM_InternalClockConfig), (12 bytes).
    Removing stm32f10x_tim.o(i.TIM_OC1FastConfig), (18 bytes).
    Removing stm32f10x_tim.o(i.TIM_OC1NPolarityConfig), (18 bytes).
    Removing stm32f10x_tim.o(i.TIM_OC1PolarityConfig), (18 bytes).
    Removing stm32f10x_tim.o(i.TIM_OC1PreloadConfig), (18 bytes).
    Removing stm32f10x_tim.o(i.TIM_OC2FastConfig), (26 bytes).
    Removing stm32f10x_tim.o(i.TIM_OC2Init), (164 bytes).
    Removing stm32f10x_tim.o(i.TIM_OC2NPolarityConfig), (26 bytes).
    Removing stm32f10x_tim.o(i.TIM_OC2PolarityConfig), (26 bytes).
    Removing stm32f10x_tim.o(i.TIM_OC2PreloadConfig), (26 bytes).
    Removing stm32f10x_tim.o(i.TIM_OC3FastConfig), (18 bytes).
    Removing stm32f10x_tim.o(i.TIM_OC3Init), (160 bytes).
    Removing stm32f10x_tim.o(i.TIM_OC3NPolarityConfig), (26 bytes).
    Removing stm32f10x_tim.o(i.TIM_OC3PolarityConfig), (26 bytes).
    Removing stm32f10x_tim.o(i.TIM_OC3PreloadConfig), (18 bytes).
    Removing stm32f10x_tim.o(i.TIM_OC4FastConfig), (26 bytes).
    Removing stm32f10x_tim.o(i.TIM_OC4Init), (124 bytes).
    Removing stm32f10x_tim.o(i.TIM_OC4PolarityConfig), (26 bytes).
    Removing stm32f10x_tim.o(i.TIM_OC4PreloadConfig), (26 bytes).
    Removing stm32f10x_tim.o(i.TIM_OCStructInit), (20 bytes).
    Removing stm32f10x_tim.o(i.TIM_PWMIConfig), (124 bytes).
    Removing stm32f10x_tim.o(i.TIM_PrescalerConfig), (6 bytes).
    Removing stm32f10x_tim.o(i.TIM_SelectCCDMA), (24 bytes).
    Removing stm32f10x_tim.o(i.TIM_SelectCOM), (24 bytes).
    Removing stm32f10x_tim.o(i.TIM_SelectHallSensor), (24 bytes).
    Removing stm32f10x_tim.o(i.TIM_SelectInputTrigger), (18 bytes).
    Removing stm32f10x_tim.o(i.TIM_SelectMasterSlaveMode), (18 bytes).
    Removing stm32f10x_tim.o(i.TIM_SelectOCxM), (82 bytes).
    Removing stm32f10x_tim.o(i.TIM_SelectOnePulseMode), (18 bytes).
    Removing stm32f10x_tim.o(i.TIM_SelectOutputTrigger), (18 bytes).
    Removing stm32f10x_tim.o(i.TIM_SelectSlaveMode), (18 bytes).
    Removing stm32f10x_tim.o(i.TIM_SetAutoreload), (4 bytes).
    Removing stm32f10x_tim.o(i.TIM_SetClockDivision), (18 bytes).
    Removing stm32f10x_tim.o(i.TIM_SetCompare1), (4 bytes).
    Removing stm32f10x_tim.o(i.TIM_SetCompare2), (4 bytes).
    Removing stm32f10x_tim.o(i.TIM_SetCompare3), (4 bytes).
    Removing stm32f10x_tim.o(i.TIM_SetCompare4), (6 bytes).
    Removing stm32f10x_tim.o(i.TIM_SetCounter), (4 bytes).
    Removing stm32f10x_tim.o(i.TIM_SetIC1Prescaler), (18 bytes).
    Removing stm32f10x_tim.o(i.TIM_SetIC2Prescaler), (26 bytes).
    Removing stm32f10x_tim.o(i.TIM_SetIC3Prescaler), (18 bytes).
    Removing stm32f10x_tim.o(i.TIM_SetIC4Prescaler), (26 bytes).
    Removing stm32f10x_tim.o(i.TIM_TIxExternalClockConfig), (62 bytes).
    Removing stm32f10x_tim.o(i.TIM_UpdateDisableConfig), (24 bytes).
    Removing stm32f10x_tim.o(i.TIM_UpdateRequestConfig), (24 bytes).
    Removing stm32f10x_usart.o(i.USART_ClearFlag), (18 bytes).
    Removing stm32f10x_usart.o(i.USART_ClearITPendingBit), (30 bytes).
    Removing stm32f10x_usart.o(i.USART_ClockInit), (34 bytes).
    Removing stm32f10x_usart.o(i.USART_ClockStructInit), (12 bytes).
    Removing stm32f10x_usart.o(i.USART_DMACmd), (18 bytes).
    Removing stm32f10x_usart.o(i.USART_DeInit), (156 bytes).
    Removing stm32f10x_usart.o(i.USART_GetITStatus), (84 bytes).
    Removing stm32f10x_usart.o(i.USART_HalfDuplexCmd), (24 bytes).
    Removing stm32f10x_usart.o(i.USART_IrDACmd), (24 bytes).
    Removing stm32f10x_usart.o(i.USART_IrDAConfig), (18 bytes).
    Removing stm32f10x_usart.o(i.USART_LINBreakDetectLengthConfig), (18 bytes).
    Removing stm32f10x_usart.o(i.USART_LINCmd), (24 bytes).
    Removing stm32f10x_usart.o(i.USART_OneBitMethodCmd), (24 bytes).
    Removing stm32f10x_usart.o(i.USART_OverSampling8Cmd), (22 bytes).
    Removing stm32f10x_usart.o(i.USART_ReceiverWakeUpCmd), (24 bytes).
    Removing stm32f10x_usart.o(i.USART_SendBreak), (10 bytes).
    Removing stm32f10x_usart.o(i.USART_SetAddress), (18 bytes).
    Removing stm32f10x_usart.o(i.USART_SetGuardTime), (16 bytes).
    Removing stm32f10x_usart.o(i.USART_SetPrescaler), (16 bytes).
    Removing stm32f10x_usart.o(i.USART_SmartCardCmd), (24 bytes).
    Removing stm32f10x_usart.o(i.USART_SmartCardNACKCmd), (24 bytes).
    Removing stm32f10x_usart.o(i.USART_StructInit), (24 bytes).
    Removing stm32f10x_usart.o(i.USART_WakeUpConfig), (18 bytes).
    Removing stm32f10x_wwdg.o(i.WWDG_ClearFlag), (12 bytes).
    Removing stm32f10x_wwdg.o(i.WWDG_DeInit), (22 bytes).
    Removing stm32f10x_wwdg.o(i.WWDG_Enable), (16 bytes).
    Removing stm32f10x_wwdg.o(i.WWDG_EnableIT), (12 bytes).
    Removing stm32f10x_wwdg.o(i.WWDG_GetFlagStatus), (12 bytes).
    Removing stm32f10x_wwdg.o(i.WWDG_SetCounter), (16 bytes).
    Removing stm32f10x_wwdg.o(i.WWDG_SetPrescaler), (24 bytes).
    Removing stm32f10x_wwdg.o(i.WWDG_SetWindowValue), (40 bytes).
    Removing fmul.o(.text), (100 bytes).
    Removing fflti.o(.text), (18 bytes).
    Removing ffltui.o(.text), (10 bytes).
    Removing dfltui.o(.text), (26 bytes).
    Removing ffixui.o(.text), (40 bytes).
    Removing dfixui.o(.text), (50 bytes).
    Removing fepilogue.o(.text), (110 bytes).
    Removing fsqrt.o(.text), (94 bytes).
    Removing dscalb.o(.text), (46 bytes).
    Removing dflti.o(.text), (34 bytes).
    Removing cdcmple.o(.text), (48 bytes).

503 unused section(s) (total 300446 bytes) removed from the image.

==============================================================================

Image Symbol Table

    Local Symbols

    Symbol Name                              Value     Ov Type        Size  Object(Section)

    ../clib/../cmprslib/zerorunl2.c          0x00000000   Number         0  __dczerorl2.o ABSOLUTE
    ../clib/microlib/division.c              0x00000000   Number         0  uidiv.o ABSOLUTE
    ../clib/microlib/division.c              0x00000000   Number         0  uldiv.o ABSOLUTE
    ../clib/microlib/errno.c                 0x00000000   Number         0  errno.o ABSOLUTE
    ../clib/microlib/init/entry.s            0x00000000   Number         0  entry10a.o ABSOLUTE
    ../clib/microlib/init/entry.s            0x00000000   Number         0  entry.o ABSOLUTE
    ../clib/microlib/init/entry.s            0x00000000   Number         0  entry7a.o ABSOLUTE
    ../clib/microlib/init/entry.s            0x00000000   Number         0  entry9b.o ABSOLUTE
    ../clib/microlib/init/entry.s            0x00000000   Number         0  entry10b.o ABSOLUTE
    ../clib/microlib/init/entry.s            0x00000000   Number         0  entry7b.o ABSOLUTE
    ../clib/microlib/init/entry.s            0x00000000   Number         0  entry8a.o ABSOLUTE
    ../clib/microlib/init/entry.s            0x00000000   Number         0  entry8b.o ABSOLUTE
    ../clib/microlib/init/entry.s            0x00000000   Number         0  entry5.o ABSOLUTE
    ../clib/microlib/init/entry.s            0x00000000   Number         0  entry9a.o ABSOLUTE
    ../clib/microlib/init/entry.s            0x00000000   Number         0  entry2.o ABSOLUTE
    ../clib/microlib/init/entry.s            0x00000000   Number         0  entry11a.o ABSOLUTE
    ../clib/microlib/init/entry.s            0x00000000   Number         0  entry11b.o ABSOLUTE
    ../clib/microlib/longlong.c              0x00000000   Number         0  llushr.o ABSOLUTE
    ../clib/microlib/longlong.c              0x00000000   Number         0  llsshr.o ABSOLUTE
    ../clib/microlib/longlong.c              0x00000000   Number         0  llshl.o ABSOLUTE
    ../clib/microlib/printf/printf.c         0x00000000   Number         0  printfa.o ABSOLUTE
    ../clib/microlib/stdio/fputc.c           0x00000000   Number         0  fputc.o ABSOLUTE
    ../clib/microlib/stdio/semi.s            0x00000000   Number         0  semi.o ABSOLUTE
    ../clib/microlib/stdio/streams.c         0x00000000   Number         0  stdout.o ABSOLUTE
    ../clib/microlib/string/memcmp.c         0x00000000   Number         0  memcmp.o ABSOLUTE
    ../clib/microlib/string/strcmp.c         0x00000000   Number         0  strcmp.o ABSOLUTE
    ../clib/microlib/string/strcpy.c         0x00000000   Number         0  strcpy.o ABSOLUTE
    ../clib/microlib/stubs.s                 0x00000000   Number         0  iusefp.o ABSOLUTE
    ../clib/microlib/stubs.s                 0x00000000   Number         0  iusesemip.o ABSOLUTE
    ../fplib/microlib/fpadd.c                0x00000000   Number         0  dadd.o ABSOLUTE
    ../fplib/microlib/fpdiv.c                0x00000000   Number         0  ddiv.o ABSOLUTE
    ../fplib/microlib/fpepilogue.c           0x00000000   Number         0  fepilogue.o ABSOLUTE
    ../fplib/microlib/fpepilogue.c           0x00000000   Number         0  depilogue.o ABSOLUTE
    ../fplib/microlib/fpfix.c                0x00000000   Number         0  dfixul.o ABSOLUTE
    ../fplib/microlib/fpfix.c                0x00000000   Number         0  ffixui.o ABSOLUTE
    ../fplib/microlib/fpfix.c                0x00000000   Number         0  dfixui.o ABSOLUTE
    ../fplib/microlib/fpflt.c                0x00000000   Number         0  dflti.o ABSOLUTE
    ../fplib/microlib/fpflt.c                0x00000000   Number         0  ffltui.o ABSOLUTE
    ../fplib/microlib/fpflt.c                0x00000000   Number         0  dfltui.o ABSOLUTE
    ../fplib/microlib/fpflt.c                0x00000000   Number         0  fflti.o ABSOLUTE
    ../fplib/microlib/fpmul.c                0x00000000   Number         0  fmul.o ABSOLUTE
    ../fplib/microlib/fpmul.c                0x00000000   Number         0  dmul.o ABSOLUTE
    ../fplib/microlib/fpscalb.c              0x00000000   Number         0  dscalb.o ABSOLUTE
    ../fplib/microlib/fpsqrt.c               0x00000000   Number         0  fsqrt.o ABSOLUTE
    ../mathlib/dunder.c                      0x00000000   Number         0  dunder.o ABSOLUTE
    ../mathlib/log.c                         0x00000000   Number         0  log_x.o ABSOLUTE
    ../mathlib/log.c                         0x00000000   Number         0  log.o ABSOLUTE
    ../mathlib/poly.c                        0x00000000   Number         0  poly.o ABSOLUTE
    ../mathlib/qnan.c                        0x00000000   Number         0  qnan.o ABSOLUTE
    ../mathlib/sqrtf.c                       0x00000000   Number         0  sqrtf_x.o ABSOLUTE
    ../mathlib/sqrtf.c                       0x00000000   Number         0  sqrtf.o ABSOLUTE
    Src\APP\main.c                           0x00000000   Number         0  main.o ABSOLUTE
    Src\BSP\ADC.C                            0x00000000   Number         0  adc.o ABSOLUTE
    Src\BSP\BSP.c                            0x00000000   Number         0  bsp.o ABSOLUTE
    Src\BSP\Flash.C                          0x00000000   Number         0  flash.o ABSOLUTE
    Src\BSP\SPI.C                            0x00000000   Number         0  spi.o ABSOLUTE
    Src\BSP\TFTLCD.c                         0x00000000   Number         0  tftlcd.o ABSOLUTE
    Src\BSP\USART.C                          0x00000000   Number         0  usart.o ABSOLUTE
    Src\BSP\cr4_fft_1024_stm32.s             0x00000000   Number         0  cr4_fft_1024_stm32.o ABSOLUTE
    Src\BSP\delay.c                          0x00000000   Number         0  delay.o ABSOLUTE
    Src\BSP\spiFlash.c                       0x00000000   Number         0  spiflash.o ABSOLUTE
    Src\BSP\touch_panel.c                    0x00000000   Number         0  touch_panel.o ABSOLUTE
    Src\CM3_SYS\core_cm3.c                   0x00000000   Number         0  core_cm3.o ABSOLUTE
    Src\GUI\GUI.C                            0x00000000   Number         0  gui.o ABSOLUTE
    Src\Speech_Recog\DTW.C                   0x00000000   Number         0  dtw.o ABSOLUTE
    Src\Speech_Recog\MFCC.C                  0x00000000   Number         0  mfcc.o ABSOLUTE
    Src\Speech_Recog\VAD.C                   0x00000000   Number         0  vad.o ABSOLUTE
    Src\StdPeriph_Driver\Startup\startup_stm32f10x_hd.s 0x00000000   Number         0  startup_stm32f10x_hd.o ABSOLUTE
    Src\StdPeriph_Driver\src\misc.c          0x00000000   Number         0  misc.o ABSOLUTE
    Src\StdPeriph_Driver\src\stm32f10x_adc.c 0x00000000   Number         0  stm32f10x_adc.o ABSOLUTE
    Src\StdPeriph_Driver\src\stm32f10x_bkp.c 0x00000000   Number         0  stm32f10x_bkp.o ABSOLUTE
    Src\StdPeriph_Driver\src\stm32f10x_can.c 0x00000000   Number         0  stm32f10x_can.o ABSOLUTE
    Src\StdPeriph_Driver\src\stm32f10x_cec.c 0x00000000   Number         0  stm32f10x_cec.o ABSOLUTE
    Src\StdPeriph_Driver\src\stm32f10x_crc.c 0x00000000   Number         0  stm32f10x_crc.o ABSOLUTE
    Src\StdPeriph_Driver\src\stm32f10x_dac.c 0x00000000   Number         0  stm32f10x_dac.o ABSOLUTE
    Src\StdPeriph_Driver\src\stm32f10x_dbgmcu.c 0x00000000   Number         0  stm32f10x_dbgmcu.o ABSOLUTE
    Src\StdPeriph_Driver\src\stm32f10x_dma.c 0x00000000   Number         0  stm32f10x_dma.o ABSOLUTE
    Src\StdPeriph_Driver\src\stm32f10x_exti.c 0x00000000   Number         0  stm32f10x_exti.o ABSOLUTE
    Src\StdPeriph_Driver\src\stm32f10x_flash.c 0x00000000   Number         0  stm32f10x_flash.o ABSOLUTE
    Src\StdPeriph_Driver\src\stm32f10x_fsmc.c 0x00000000   Number         0  stm32f10x_fsmc.o ABSOLUTE
    Src\StdPeriph_Driver\src\stm32f10x_gpio.c 0x00000000   Number         0  stm32f10x_gpio.o ABSOLUTE
    Src\StdPeriph_Driver\src\stm32f10x_i2c.c 0x00000000   Number         0  stm32f10x_i2c.o ABSOLUTE
    Src\StdPeriph_Driver\src\stm32f10x_iwdg.c 0x00000000   Number         0  stm32f10x_iwdg.o ABSOLUTE
    Src\StdPeriph_Driver\src\stm32f10x_pwr.c 0x00000000   Number         0  stm32f10x_pwr.o ABSOLUTE
    Src\StdPeriph_Driver\src\stm32f10x_rcc.c 0x00000000   Number         0  stm32f10x_rcc.o ABSOLUTE
    Src\StdPeriph_Driver\src\stm32f10x_rtc.c 0x00000000   Number         0  stm32f10x_rtc.o ABSOLUTE
    Src\StdPeriph_Driver\src\stm32f10x_sdio.c 0x00000000   Number         0  stm32f10x_sdio.o ABSOLUTE
    Src\StdPeriph_Driver\src\stm32f10x_spi.c 0x00000000   Number         0  stm32f10x_spi.o ABSOLUTE
    Src\StdPeriph_Driver\src\stm32f10x_tim.c 0x00000000   Number         0  stm32f10x_tim.o ABSOLUTE
    Src\StdPeriph_Driver\src\stm32f10x_usart.c 0x00000000   Number         0  stm32f10x_usart.o ABSOLUTE
    Src\StdPeriph_Driver\src\stm32f10x_wwdg.c 0x00000000   Number         0  stm32f10x_wwdg.o ABSOLUTE
    Src\StdPeriph_Driver\stm32f10x_it.c      0x00000000   Number         0  stm32f10x_it.o ABSOLUTE
    Src\StdPeriph_Driver\system_stm32f10x.c  0x00000000   Number         0  system_stm32f10x.o ABSOLUTE
    Src\\CM3_SYS\\core_cm3.c                 0x00000000   Number         0  core_cm3.o ABSOLUTE
    cdcmple.s                                0x00000000   Number         0  cdcmple.o ABSOLUTE
    cdrcmple.s                               0x00000000   Number         0  cdrcmple.o ABSOLUTE
    dc.s                                     0x00000000   Number         0  dc.o ABSOLUTE
    handlers.s                               0x00000000   Number         0  handlers.o ABSOLUTE
    init.s                                   0x00000000   Number         0  init.o ABSOLUTE
    RESET                                    0x08000000   Section      304  startup_stm32f10x_hd.o(RESET)
    .ARM.Collect$$$$00000000                 0x08000130   Section        0  entry.o(.ARM.Collect$$$$00000000)
    .ARM.Collect$$$$00000001                 0x08000130   Section        4  entry2.o(.ARM.Collect$$$$00000001)
    .ARM.Collect$$$$00000004                 0x08000134   Section        4  entry5.o(.ARM.Collect$$$$00000004)
    .ARM.Collect$$$$00000008                 0x08000138   Section        0  entry7b.o(.ARM.Collect$$$$00000008)
    .ARM.Collect$$$$0000000A                 0x08000138   Section        0  entry8b.o(.ARM.Collect$$$$0000000A)
    .ARM.Collect$$$$0000000B                 0x08000138   Section        8  entry9a.o(.ARM.Collect$$$$0000000B)
    .ARM.Collect$$$$0000000D                 0x08000140   Section        0  entry10a.o(.ARM.Collect$$$$0000000D)
    .ARM.Collect$$$$0000000F                 0x08000140   Section        0  entry11a.o(.ARM.Collect$$$$0000000F)
    .ARM.Collect$$$$00002712                 0x08000140   Section        4  entry2.o(.ARM.Collect$$$$00002712)
    __lit__00000000                          0x08000140   Data           4  entry2.o(.ARM.Collect$$$$00002712)
    .text                                    0x08000144   Section       36  startup_stm32f10x_hd.o(.text)
    .text                                    0x08000168   Section        0  strcmp.o(.text)
    .text                                    0x08000184   Section        0  strcpy.o(.text)
    .text                                    0x08000196   Section        0  dmul.o(.text)
    .text                                    0x0800027a   Section        0  uidiv.o(.text)
    .text                                    0x080002a6   Section        0  uldiv.o(.text)
    .text                                    0x08000308   Section        0  llushr.o(.text)
    .text                                    0x08000328   Section        0  depilogue.o(.text)
    .text                                    0x08000328   Section        0  iusefp.o(.text)
    .text                                    0x080003e2   Section        0  dadd.o(.text)
    .text                                    0x08000530   Section        0  ddiv.o(.text)
    .text                                    0x0800060e   Section        0  dfixul.o(.text)
    .text                                    0x08000640   Section       48  cdrcmple.o(.text)
    .text                                    0x08000670   Section       36  init.o(.text)
    .text                                    0x08000694   Section        0  llshl.o(.text)
    .text                                    0x080006b2   Section        0  llsshr.o(.text)
    .text                                    0x080006d6   Section        0  __dczerorl2.o(.text)
    i.ADC1_2_IRQHandler                      0x0800072c   Section        0  stm32f10x_it.o(i.ADC1_2_IRQHandler)
    i.ADC3_IRQHandler                        0x0800072e   Section        0  stm32f10x_it.o(i.ADC3_IRQHandler)
    i.ADC_Cmd                                0x08000730   Section        0  stm32f10x_adc.o(i.ADC_Cmd)
    i.ADC_DMACmd                             0x08000746   Section        0  stm32f10x_adc.o(i.ADC_DMACmd)
    i.ADC_DMA_Init                           0x0800075c   Section        0  adc.o(i.ADC_DMA_Init)
    i.ADC_GetCalibrationStatus               0x080008b0   Section        0  stm32f10x_adc.o(i.ADC_GetCalibrationStatus)
    i.ADC_GetResetCalibrationStatus          0x080008c4   Section        0  stm32f10x_adc.o(i.ADC_GetResetCalibrationStatus)
    i.ADC_Init                               0x080008d8   Section        0  stm32f10x_adc.o(i.ADC_Init)
    i.ADC_RegularChannelConfig               0x08000928   Section        0  stm32f10x_adc.o(i.ADC_RegularChannelConfig)
    i.ADC_ResetCalibration                   0x080009e0   Section        0  stm32f10x_adc.o(i.ADC_ResetCalibration)
    i.ADC_SoftwareStartConvCmd               0x080009ea   Section        0  stm32f10x_adc.o(i.ADC_SoftwareStartConvCmd)
    i.ADC_StartCalibration                   0x08000a00   Section        0  stm32f10x_adc.o(i.ADC_StartCalibration)
    i.BSP_Init                               0x08000a0c   Section        0  bsp.o(i.BSP_Init)
    i.BusFaultException                      0x08000a3c   Section        0  stm32f10x_it.o(i.BusFaultException)
    i.DMA1_Channel1_IRQHandler               0x08000a40   Section        0  stm32f10x_it.o(i.DMA1_Channel1_IRQHandler)
    i.DMA1_Channel2_IRQHandler               0x08000a42   Section        0  stm32f10x_it.o(i.DMA1_Channel2_IRQHandler)
    i.DMA1_Channel3_IRQHandler               0x08000a44   Section        0  stm32f10x_it.o(i.DMA1_Channel3_IRQHandler)
    i.DMA1_Channel4_IRQHandler               0x08000a46   Section        0  stm32f10x_it.o(i.DMA1_Channel4_IRQHandler)
    i.DMA1_Channel5_IRQHandler               0x08000a48   Section        0  stm32f10x_it.o(i.DMA1_Channel5_IRQHandler)
    i.DMA1_Channel6_IRQHandler               0x08000a4a   Section        0  stm32f10x_it.o(i.DMA1_Channel6_IRQHandler)
    i.DMA1_Channel7_IRQHandler               0x08000a4c   Section        0  stm32f10x_it.o(i.DMA1_Channel7_IRQHandler)
    i.DMA2_Channel1_IRQHandler               0x08000a4e   Section        0  stm32f10x_it.o(i.DMA2_Channel1_IRQHandler)
    i.DMA2_Channel2_IRQHandler               0x08000a50   Section        0  stm32f10x_it.o(i.DMA2_Channel2_IRQHandler)
    i.DMA2_Channel3_IRQHandler               0x08000a52   Section        0  stm32f10x_it.o(i.DMA2_Channel3_IRQHandler)
    i.DMA2_Channel4_5_IRQHandler             0x08000a54   Section        0  stm32f10x_it.o(i.DMA2_Channel4_5_IRQHandler)
    i.DMA_Cmd                                0x08000a56   Section        0  stm32f10x_dma.o(i.DMA_Cmd)
    i.DMA_DeInit                             0x08000a6c   Section        0  stm32f10x_dma.o(i.DMA_DeInit)
    i.DMA_Init                               0x08000bb8   Section        0  stm32f10x_dma.o(i.DMA_Init)
    i.DebugMonitor                           0x08000bf4   Section        0  stm32f10x_it.o(i.DebugMonitor)
    i.EXTI0_IRQHandler                       0x08000bf6   Section        0  stm32f10x_it.o(i.EXTI0_IRQHandler)
    i.EXTI15_10_IRQHandler                   0x08000bf8   Section        0  stm32f10x_it.o(i.EXTI15_10_IRQHandler)
    i.EXTI1_IRQHandler                       0x08000bfa   Section        0  stm32f10x_it.o(i.EXTI1_IRQHandler)
    i.EXTI2_IRQHandler                       0x08000bfc   Section        0  stm32f10x_it.o(i.EXTI2_IRQHandler)
    i.EXTI3_IRQHandler                       0x08000bfe   Section        0  stm32f10x_it.o(i.EXTI3_IRQHandler)
    i.EXTI4_IRQHandler                       0x08000c00   Section        0  stm32f10x_it.o(i.EXTI4_IRQHandler)
    i.EXTI9_5_IRQHandler                     0x08000c02   Section        0  stm32f10x_it.o(i.EXTI9_5_IRQHandler)
    i.FLASH_IRQHandler                       0x08000c04   Section        0  stm32f10x_it.o(i.FLASH_IRQHandler)
    i.FSMC_IRQHandler                        0x08000c06   Section        0  stm32f10x_it.o(i.FSMC_IRQHandler)
    i.FSMC_LCD_Init                          0x08000c08   Section        0  tftlcd.o(i.FSMC_LCD_Init)
    i.FSMC_NORSRAMCmd                        0x08000cd0   Section        0  stm32f10x_fsmc.o(i.FSMC_NORSRAMCmd)
    i.FSMC_NORSRAMInit                       0x08000d04   Section        0  stm32f10x_fsmc.o(i.FSMC_NORSRAMInit)
    i.GPIO_Configuration                     0x08000de8   Section        0  bsp.o(i.GPIO_Configuration)
    i.GPIO_Init                              0x08000e38   Section        0  stm32f10x_gpio.o(i.GPIO_Init)
    i.GPIO_ResetBits                         0x08000f4e   Section        0  stm32f10x_gpio.o(i.GPIO_ResetBits)
    i.GPIO_WriteBit                          0x08000f52   Section        0  stm32f10x_gpio.o(i.GPIO_WriteBit)
    i.HardFaultException                     0x08000f5c   Section        0  stm32f10x_it.o(i.HardFaultException)
    i.I2C1_ER_IRQHandler                     0x08000f60   Section        0  stm32f10x_it.o(i.I2C1_ER_IRQHandler)
    i.I2C1_EV_IRQHandler                     0x08000f62   Section        0  stm32f10x_it.o(i.I2C1_EV_IRQHandler)
    i.I2C2_ER_IRQHandler                     0x08000f64   Section        0  stm32f10x_it.o(i.I2C2_ER_IRQHandler)
    i.I2C2_EV_IRQHandler                     0x08000f66   Section        0  stm32f10x_it.o(i.I2C2_EV_IRQHandler)
    i.LCD_Fill                               0x08000f68   Section        0  tftlcd.o(i.LCD_Fill)
    i.LCD_Init                               0x08001004   Section        0  tftlcd.o(i.LCD_Init)
    i.LCD_Set_Address                        0x08001308   Section        0  tftlcd.o(i.LCD_Set_Address)
    i.LCD_Set_Coord                          0x08001324   Section        0  tftlcd.o(i.LCD_Set_Coord)
    i.LCD_Set_Disp_Window                    0x08001354   Section        0  tftlcd.o(i.LCD_Set_Disp_Window)
    i.MemManageException                     0x08001388   Section        0  stm32f10x_it.o(i.MemManageException)
    i.NMIException                           0x0800138c   Section        0  stm32f10x_it.o(i.NMIException)
    i.NVIC_Init                              0x08001390   Section        0  misc.o(i.NVIC_Init)
    i.PVD_IRQHandler                         0x08001400   Section        0  stm32f10x_it.o(i.PVD_IRQHandler)
    i.RCC_ADCCLKConfig                       0x08001404   Section        0  stm32f10x_rcc.o(i.RCC_ADCCLKConfig)
    i.RCC_AHBPeriphClockCmd                  0x0800141c   Section        0  stm32f10x_rcc.o(i.RCC_AHBPeriphClockCmd)
    i.RCC_APB1PeriphClockCmd                 0x0800143c   Section        0  stm32f10x_rcc.o(i.RCC_APB1PeriphClockCmd)
    i.RCC_APB2PeriphClockCmd                 0x0800145c   Section        0  stm32f10x_rcc.o(i.RCC_APB2PeriphClockCmd)
    i.RCC_Configuration                      0x0800147c   Section        0  bsp.o(i.RCC_Configuration)
    i.RCC_GetClocksFreq                      0x08001494   Section        0  stm32f10x_rcc.o(i.RCC_GetClocksFreq)
    i.RCC_IRQHandler                         0x08001568   Section        0  stm32f10x_it.o(i.RCC_IRQHandler)
    i.RTCAlarm_IRQHandler                    0x0800156a   Section        0  stm32f10x_it.o(i.RTCAlarm_IRQHandler)
    i.RTC_IRQHandler                         0x0800156c   Section        0  stm32f10x_it.o(i.RTC_IRQHandler)
    i.SDIO_IRQHandler                        0x0800156e   Section        0  stm32f10x_it.o(i.SDIO_IRQHandler)
    i.SPI1_IRQHandler                        0x08001570   Section        0  stm32f10x_it.o(i.SPI1_IRQHandler)
    i.SPI2_IRQHandler                        0x08001572   Section        0  stm32f10x_it.o(i.SPI2_IRQHandler)
    i.SPI3_IRQHandler                        0x08001574   Section        0  stm32f10x_it.o(i.SPI3_IRQHandler)
    i.SPI_Cmd                                0x08001576   Section        0  stm32f10x_spi.o(i.SPI_Cmd)
    i.SPI_Init                               0x0800158e   Section        0  stm32f10x_spi.o(i.SPI_Init)
    i.SVCHandler                             0x080015ca   Section        0  stm32f10x_it.o(i.SVCHandler)
    i.SetSysClock                            0x080015cc   Section        0  system_stm32f10x.o(i.SetSysClock)
    SetSysClock                              0x080015cd   Thumb Code     8  system_stm32f10x.o(i.SetSysClock)
    i.SetSysClockTo72                        0x080015d4   Section        0  system_stm32f10x.o(i.SetSysClockTo72)
    SetSysClockTo72                          0x080015d5   Thumb Code   214  system_stm32f10x.o(i.SetSysClockTo72)
    i.SystemInit                             0x080016b4   Section        0  system_stm32f10x.o(i.SystemInit)
    i.TAMPER_IRQHandler                      0x08001708   Section        0  stm32f10x_it.o(i.TAMPER_IRQHandler)
    i.TIM1_BRK_IRQHandler                    0x0800170a   Section        0  stm32f10x_it.o(i.TIM1_BRK_IRQHandler)
    i.TIM1_CC_IRQHandler                     0x0800170c   Section        0  stm32f10x_it.o(i.TIM1_CC_IRQHandler)
    i.TIM1_TRG_COM_IRQHandler                0x0800170e   Section        0  stm32f10x_it.o(i.TIM1_TRG_COM_IRQHandler)
    i.TIM1_UP_IRQHandler                     0x08001710   Section        0  stm32f10x_it.o(i.TIM1_UP_IRQHandler)
    i.TIM2_IRQHandler                        0x08001712   Section        0  stm32f10x_it.o(i.TIM2_IRQHandler)
    i.TIM3_IRQHandler                        0x08001714   Section        0  stm32f10x_it.o(i.TIM3_IRQHandler)
    i.TIM4_IRQHandler                        0x08001716   Section        0  stm32f10x_it.o(i.TIM4_IRQHandler)
    i.TIM5_IRQHandler                        0x08001718   Section        0  stm32f10x_it.o(i.TIM5_IRQHandler)
    i.TIM6_IRQHandler                        0x0800171a   Section        0  stm32f10x_it.o(i.TIM6_IRQHandler)
    i.TIM7_IRQHandler                        0x0800171c   Section        0  stm32f10x_it.o(i.TIM7_IRQHandler)
    i.TIM8_BRK_IRQHandler                    0x0800171e   Section        0  stm32f10x_it.o(i.TIM8_BRK_IRQHandler)
    i.TIM8_CC_IRQHandler                     0x08001720   Section        0  stm32f10x_it.o(i.TIM8_CC_IRQHandler)
    i.TIM8_TRG_COM_IRQHandler                0x08001722   Section        0  stm32f10x_it.o(i.TIM8_TRG_COM_IRQHandler)
    i.TIM8_UP_IRQHandler                     0x08001724   Section        0  stm32f10x_it.o(i.TIM8_UP_IRQHandler)
    i.TIM_CtrlPWMOutputs                     0x08001726   Section        0  stm32f10x_tim.o(i.TIM_CtrlPWMOutputs)
    i.TIM_OC1Init                            0x08001744   Section        0  stm32f10x_tim.o(i.TIM_OC1Init)
    i.TIM_TimeBaseInit                       0x080017dc   Section        0  stm32f10x_tim.o(i.TIM_TimeBaseInit)
    i.TIM_TimeBaseStructInit                 0x08001880   Section        0  stm32f10x_tim.o(i.TIM_TimeBaseStructInit)
    i.UART4_IRQHandler                       0x08001892   Section        0  stm32f10x_it.o(i.UART4_IRQHandler)
    i.UART5_IRQHandler                       0x08001894   Section        0  stm32f10x_it.o(i.UART5_IRQHandler)
    i.USART1_IRQHandler                      0x08001898   Section        0  stm32f10x_it.o(i.USART1_IRQHandler)
    i.USART1_configuration                   0x08001944   Section        0  usart.o(i.USART1_configuration)
    i.USART1_printf                          0x080019fc   Section        0  usart.o(i.USART1_printf)
    i.USART1_printf_line                     0x08001a2c   Section        0  usart.o(i.USART1_printf_line)
    i.USART2_IRQHandler                      0x08001a68   Section        0  stm32f10x_it.o(i.USART2_IRQHandler)
    i.USART3_IRQHandler                      0x08001a6a   Section        0  stm32f10x_it.o(i.USART3_IRQHandler)
    i.USART_Cmd                              0x08001a6c   Section        0  stm32f10x_usart.o(i.USART_Cmd)
    i.USART_GetFlagStatus                    0x08001a84   Section        0  stm32f10x_usart.o(i.USART_GetFlagStatus)
    i.USART_ITConfig                         0x08001a9e   Section        0  stm32f10x_usart.o(i.USART_ITConfig)
    i.USART_Init                             0x08001ae8   Section        0  stm32f10x_usart.o(i.USART_Init)
    i.USART_ReceiveData                      0x08001bc0   Section        0  stm32f10x_usart.o(i.USART_ReceiveData)
    i.USART_SendData                         0x08001bcc   Section        0  stm32f10x_usart.o(i.USART_SendData)
    i.USART_SendStr                          0x08001be8   Section        0  usart.o(i.USART_SendStr)
    i.USBWakeUp_IRQHandler                   0x08001c06   Section        0  stm32f10x_it.o(i.USBWakeUp_IRQHandler)
    i.UsageFaultException                    0x08001c08   Section        0  stm32f10x_it.o(i.UsageFaultException)
    i.WWDG_IRQHandler                        0x08001c0c   Section        0  stm32f10x_it.o(i.WWDG_IRQHandler)
    i.__0vsnprintf                           0x08001c10   Section        0  printfa.o(i.__0vsnprintf)
    i.__scatterload_copy                     0x08001c3c   Section       14  handlers.o(i.__scatterload_copy)
    i.__scatterload_null                     0x08001c4a   Section        2  handlers.o(i.__scatterload_null)
    i.__scatterload_zeroinit                 0x08001c4c   Section       14  handlers.o(i.__scatterload_zeroinit)
    i._fp_digits                             0x08001c5c   Section        0  printfa.o(i._fp_digits)
    _fp_digits                               0x08001c5d   Thumb Code   366  printfa.o(i._fp_digits)
    i._printf_core                           0x08001de0   Section        0  printfa.o(i._printf_core)
    _printf_core                             0x08001de1   Thumb Code  1744  printfa.o(i._printf_core)
    i._printf_post_padding                   0x080024bc   Section        0  printfa.o(i._printf_post_padding)
    _printf_post_padding                     0x080024bd   Thumb Code    36  printfa.o(i._printf_post_padding)
    i._printf_pre_padding                    0x080024e0   Section        0  printfa.o(i._printf_pre_padding)
    _printf_pre_padding                      0x080024e1   Thumb Code    46  printfa.o(i._printf_pre_padding)
    i._snputc                                0x0800250e   Section        0  printfa.o(i._snputc)
    _snputc                                  0x0800250f   Thumb Code    22  printfa.o(i._snputc)
    i.delay_ms                               0x08002524   Section        0  delay.o(i.delay_ms)
    i.delay_us                               0x0800255c   Section        0  delay.o(i.delay_us)
    i.main                                   0x08002594   Section        0  main.o(i.main)
    i.printf1                                0x080025fc   Section        0  usart.o(i.printf1)
    i.scanf1                                 0x0800261c   Section        0  usart.o(i.scanf1)
    i.spiFlashInit                           0x08002654   Section        0  spiflash.o(i.spiFlashInit)
    i.spiFlashSelect                         0x080026f4   Section        0  spiflash.o(i.spiFlashSelect)
    i.touchPanelInit                         0x08002714   Section        0  touch_panel.o(i.touchPanelInit)
    .data                                    0x20000000   Section       94  main.o(.data)
    .data                                    0x2000005e   Section      388  gui.o(.data)
    .data                                    0x200001e2   Section        1  tftlcd.o(.data)
    .data                                    0x200001e3   Section       20  stm32f10x_rcc.o(.data)
    APBAHBPrescTable                         0x200001e3   Data          16  stm32f10x_rcc.o(.data)
    ADCPrescTable                            0x200001f3   Data           4  stm32f10x_rcc.o(.data)
    .bss                                     0x200001f8   Section    34928  main.o(.bss)
    .bss                                     0x20008a68   Section      256  usart.o(.bss)
    STACK                                    0x20008b68   Section     2048  startup_stm32f10x_hd.o(STACK)

    Global Symbols

    Symbol Name                              Value     Ov Type        Size  Object(Section)

    BuildAttributes$$THM_ISAv4$P$D$K$B$S$PE$A:L22UL41UL21$X:L11$S22US41US21$IEEE1$IW$USESV6$~STKCKD$USESV7$~SHL$OTIME$ROPI$IEEEX$EBA8$MICROLIB$REQ8$PRES8$EABIv2 0x00000000   Number         0  anon$$obj.o ABSOLUTE
    __ARM_use_no_argv                        0x00000000   Number         0  main.o ABSOLUTE
    __cpp_initialize__aeabi_                  - Undefined Weak Reference
    __cxa_finalize                            - Undefined Weak Reference
    _clock_init                               - Undefined Weak Reference
    _microlib_exit                            - Undefined Weak Reference
    __Vectors_Size                           0x00000130   Number         0  startup_stm32f10x_hd.o ABSOLUTE
    __Vectors                                0x08000000   Data           4  startup_stm32f10x_hd.o(RESET)
    __Vectors_End                            0x08000130   Data           0  startup_stm32f10x_hd.o(RESET)
    __main                                   0x08000131   Thumb Code     0  entry.o(.ARM.Collect$$$$00000000)
    _main_stk                                0x08000131   Thumb Code     0  entry2.o(.ARM.Collect$$$$00000001)
    _main_scatterload                        0x08000135   Thumb Code     0  entry5.o(.ARM.Collect$$$$00000004)
    __main_after_scatterload                 0x08000139   Thumb Code     0  entry5.o(.ARM.Collect$$$$00000004)
    _main_clock                              0x08000139   Thumb Code     0  entry7b.o(.ARM.Collect$$$$00000008)
    _main_cpp_init                           0x08000139   Thumb Code     0  entry8b.o(.ARM.Collect$$$$0000000A)
    _main_init                               0x08000139   Thumb Code     0  entry9a.o(.ARM.Collect$$$$0000000B)
    __rt_final_cpp                           0x08000141   Thumb Code     0  entry10a.o(.ARM.Collect$$$$0000000D)
    __rt_final_exit                          0x08000141   Thumb Code     0  entry11a.o(.ARM.Collect$$$$0000000F)
    Reset_Handler                            0x08000145   Thumb Code     8  startup_stm32f10x_hd.o(.text)
    OS_CPU_PendSVHandler                     0x0800015b   Thumb Code     2  startup_stm32f10x_hd.o(.text)
    OS_CPU_SysTickHandler                    0x0800015d   Thumb Code     2  startup_stm32f10x_hd.o(.text)
    CAN1_RX1_IRQHandler                      0x0800015f   Thumb Code     0  startup_stm32f10x_hd.o(.text)
    CAN1_SCE_IRQHandler                      0x0800015f   Thumb Code     0  startup_stm32f10x_hd.o(.text)
    USB_HP_CAN1_TX_IRQHandler                0x0800015f   Thumb Code     0  startup_stm32f10x_hd.o(.text)
    USB_LP_CAN1_RX0_IRQHandler               0x0800015f   Thumb Code     0  startup_stm32f10x_hd.o(.text)
    strcmp                                   0x08000169   Thumb Code    28  strcmp.o(.text)
    strcpy                                   0x08000185   Thumb Code    18  strcpy.o(.text)
    __aeabi_dmul                             0x08000197   Thumb Code   228  dmul.o(.text)
    __aeabi_uidiv                            0x0800027b   Thumb Code     0  uidiv.o(.text)
    __aeabi_uidivmod                         0x0800027b   Thumb Code    44  uidiv.o(.text)
    __aeabi_uldivmod                         0x080002a7   Thumb Code    98  uldiv.o(.text)
    __aeabi_llsr                             0x08000309   Thumb Code    32  llushr.o(.text)
    _ll_ushift_r                             0x08000309   Thumb Code     0  llushr.o(.text)
    __I$use$fp                               0x08000329   Thumb Code     0  iusefp.o(.text)
    _double_round                            0x08000329   Thumb Code    30  depilogue.o(.text)
    _double_epilogue                         0x08000347   Thumb Code   156  depilogue.o(.text)
    __aeabi_dadd                             0x080003e3   Thumb Code   322  dadd.o(.text)
    __aeabi_dsub                             0x08000525   Thumb Code     6  dadd.o(.text)
    __aeabi_drsub                            0x0800052b   Thumb Code     6  dadd.o(.text)
    __aeabi_ddiv                             0x08000531   Thumb Code   222  ddiv.o(.text)
    __aeabi_d2ulz                            0x0800060f   Thumb Code    48  dfixul.o(.text)
    __aeabi_cdrcmple                         0x08000641   Thumb Code    48  cdrcmple.o(.text)
    __scatterload                            0x08000671   Thumb Code    28  init.o(.text)
    __scatterload_rt2                        0x08000671   Thumb Code     0  init.o(.text)
    __aeabi_llsl                             0x08000695   Thumb Code    30  llshl.o(.text)
    _ll_shift_l                              0x08000695   Thumb Code     0  llshl.o(.text)
    __aeabi_lasr                             0x080006b3   Thumb Code    36  llsshr.o(.text)
    _ll_sshift_r                             0x080006b3   Thumb Code     0  llsshr.o(.text)
    __decompress                             0x080006d7   Thumb Code     0  __dczerorl2.o(.text)
    __decompress1                            0x080006d7   Thumb Code    86  __dczerorl2.o(.text)
    ADC1_2_IRQHandler                        0x0800072d   Thumb Code     2  stm32f10x_it.o(i.ADC1_2_IRQHandler)
    ADC3_IRQHandler                          0x0800072f   Thumb Code     2  stm32f10x_it.o(i.ADC3_IRQHandler)
    ADC_Cmd                                  0x08000731   Thumb Code    22  stm32f10x_adc.o(i.ADC_Cmd)
    ADC_DMACmd                               0x08000747   Thumb Code    22  stm32f10x_adc.o(i.ADC_DMACmd)
    ADC_DMA_Init                             0x0800075d   Thumb Code   318  adc.o(i.ADC_DMA_Init)
    ADC_GetCalibrationStatus                 0x080008b1   Thumb Code    20  stm32f10x_adc.o(i.ADC_GetCalibrationStatus)
    ADC_GetResetCalibrationStatus            0x080008c5   Thumb Code    20  stm32f10x_adc.o(i.ADC_GetResetCalibrationStatus)
    ADC_Init                                 0x080008d9   Thumb Code    70  stm32f10x_adc.o(i.ADC_Init)
    ADC_RegularChannelConfig                 0x08000929   Thumb Code   184  stm32f10x_adc.o(i.ADC_RegularChannelConfig)
    ADC_ResetCalibration                     0x080009e1   Thumb Code    10  stm32f10x_adc.o(i.ADC_ResetCalibration)
    ADC_SoftwareStartConvCmd                 0x080009eb   Thumb Code    22  stm32f10x_adc.o(i.ADC_SoftwareStartConvCmd)
    ADC_StartCalibration                     0x08000a01   Thumb Code    10  stm32f10x_adc.o(i.ADC_StartCalibration)
    BSP_Init                                 0x08000a0d   Thumb Code    38  bsp.o(i.BSP_Init)
    BusFaultException                        0x08000a3d   Thumb Code     4  stm32f10x_it.o(i.BusFaultException)
    BusFault_Handler                         0x08000a3d   Thumb Code     0  stm32f10x_it.o(i.BusFaultException)
    DMA1_Channel1_IRQHandler                 0x08000a41   Thumb Code     2  stm32f10x_it.o(i.DMA1_Channel1_IRQHandler)
    DMA1_Channel2_IRQHandler                 0x08000a43   Thumb Code     2  stm32f10x_it.o(i.DMA1_Channel2_IRQHandler)
    DMA1_Channel3_IRQHandler                 0x08000a45   Thumb Code     2  stm32f10x_it.o(i.DMA1_Channel3_IRQHandler)
    DMA1_Channel4_IRQHandler                 0x08000a47   Thumb Code     2  stm32f10x_it.o(i.DMA1_Channel4_IRQHandler)
    DMA1_Channel5_IRQHandler                 0x08000a49   Thumb Code     2  stm32f10x_it.o(i.DMA1_Channel5_IRQHandler)
    DMA1_Channel6_IRQHandler                 0x08000a4b   Thumb Code     2  stm32f10x_it.o(i.DMA1_Channel6_IRQHandler)
    DMA1_Channel7_IRQHandler                 0x08000a4d   Thumb Code     2  stm32f10x_it.o(i.DMA1_Channel7_IRQHandler)
    DMA2_Channel1_IRQHandler                 0x08000a4f   Thumb Code     2  stm32f10x_it.o(i.DMA2_Channel1_IRQHandler)
    DMA2_Channel2_IRQHandler                 0x08000a51   Thumb Code     2  stm32f10x_it.o(i.DMA2_Channel2_IRQHandler)
    DMA2_Channel3_IRQHandler                 0x08000a53   Thumb Code     2  stm32f10x_it.o(i.DMA2_Channel3_IRQHandler)
    DMA2_Channel4_5_IRQHandler               0x08000a55   Thumb Code     2  stm32f10x_it.o(i.DMA2_Channel4_5_IRQHandler)
    DMA_Cmd                                  0x08000a57   Thumb Code    22  stm32f10x_dma.o(i.DMA_Cmd)
    DMA_DeInit                               0x08000a6d   Thumb Code   322  stm32f10x_dma.o(i.DMA_DeInit)
    DMA_Init                                 0x08000bb9   Thumb Code    60  stm32f10x_dma.o(i.DMA_Init)
    DebugMon_Handler                         0x08000bf5   Thumb Code     0  stm32f10x_it.o(i.DebugMonitor)
    DebugMonitor                             0x08000bf5   Thumb Code     2  stm32f10x_it.o(i.DebugMonitor)
    EXTI0_IRQHandler                         0x08000bf7   Thumb Code     2  stm32f10x_it.o(i.EXTI0_IRQHandler)
    EXTI15_10_IRQHandler                     0x08000bf9   Thumb Code     2  stm32f10x_it.o(i.EXTI15_10_IRQHandler)
    EXTI1_IRQHandler                         0x08000bfb   Thumb Code     2  stm32f10x_it.o(i.EXTI1_IRQHandler)
    EXTI2_IRQHandler                         0x08000bfd   Thumb Code     2  stm32f10x_it.o(i.EXTI2_IRQHandler)
    EXTI3_IRQHandler                         0x08000bff   Thumb Code     2  stm32f10x_it.o(i.EXTI3_IRQHandler)
    EXTI4_IRQHandler                         0x08000c01   Thumb Code     2  stm32f10x_it.o(i.EXTI4_IRQHandler)
    EXTI9_5_IRQHandler                       0x08000c03   Thumb Code     2  stm32f10x_it.o(i.EXTI9_5_IRQHandler)
    FLASH_IRQHandler                         0x08000c05   Thumb Code     2  stm32f10x_it.o(i.FLASH_IRQHandler)
    FSMC_IRQHandler                          0x08000c07   Thumb Code     2  stm32f10x_it.o(i.FSMC_IRQHandler)
    FSMC_LCD_Init                            0x08000c09   Thumb Code   182  tftlcd.o(i.FSMC_LCD_Init)
    FSMC_NORSRAMCmd                          0x08000cd1   Thumb Code    46  stm32f10x_fsmc.o(i.FSMC_NORSRAMCmd)
    FSMC_NORSRAMInit                         0x08000d05   Thumb Code   226  stm32f10x_fsmc.o(i.FSMC_NORSRAMInit)
    GPIO_Configuration                       0x08000de9   Thumb Code    66  bsp.o(i.GPIO_Configuration)
    GPIO_Init                                0x08000e39   Thumb Code   278  stm32f10x_gpio.o(i.GPIO_Init)
    GPIO_ResetBits                           0x08000f4f   Thumb Code     4  stm32f10x_gpio.o(i.GPIO_ResetBits)
    GPIO_WriteBit                            0x08000f53   Thumb Code    10  stm32f10x_gpio.o(i.GPIO_WriteBit)
    HardFaultException                       0x08000f5d   Thumb Code     4  stm32f10x_it.o(i.HardFaultException)
    HardFault_Handler                        0x08000f5d   Thumb Code     0  stm32f10x_it.o(i.HardFaultException)
    I2C1_ER_IRQHandler                       0x08000f61   Thumb Code     2  stm32f10x_it.o(i.I2C1_ER_IRQHandler)
    I2C1_EV_IRQHandler                       0x08000f63   Thumb Code     2  stm32f10x_it.o(i.I2C1_EV_IRQHandler)
    I2C2_ER_IRQHandler                       0x08000f65   Thumb Code     2  stm32f10x_it.o(i.I2C2_ER_IRQHandler)
    I2C2_EV_IRQHandler                       0x08000f67   Thumb Code     2  stm32f10x_it.o(i.I2C2_EV_IRQHandler)
    LCD_Fill                                 0x08000f69   Thumb Code   142  tftlcd.o(i.LCD_Fill)
    LCD_Init                                 0x08001005   Thumb Code   768  tftlcd.o(i.LCD_Init)
    LCD_Set_Address                          0x08001309   Thumb Code    24  tftlcd.o(i.LCD_Set_Address)
    LCD_Set_Coord                            0x08001325   Thumb Code    38  tftlcd.o(i.LCD_Set_Coord)
    LCD_Set_Disp_Window                      0x08001355   Thumb Code    48  tftlcd.o(i.LCD_Set_Disp_Window)
    MemManageException                       0x08001389   Thumb Code     4  stm32f10x_it.o(i.MemManageException)
    MemManage_Handler                        0x08001389   Thumb Code     0  stm32f10x_it.o(i.MemManageException)
    NMIException                             0x0800138d   Thumb Code     2  stm32f10x_it.o(i.NMIException)
    NMI_Handler                              0x0800138d   Thumb Code     0  stm32f10x_it.o(i.NMIException)
    NVIC_Init                                0x08001391   Thumb Code   100  misc.o(i.NVIC_Init)
    PVD_IRQHandler                           0x08001401   Thumb Code     2  stm32f10x_it.o(i.PVD_IRQHandler)
    RCC_ADCCLKConfig                         0x08001405   Thumb Code    18  stm32f10x_rcc.o(i.RCC_ADCCLKConfig)
    RCC_AHBPeriphClockCmd                    0x0800141d   Thumb Code    26  stm32f10x_rcc.o(i.RCC_AHBPeriphClockCmd)
    RCC_APB1PeriphClockCmd                   0x0800143d   Thumb Code    26  stm32f10x_rcc.o(i.RCC_APB1PeriphClockCmd)
    RCC_APB2PeriphClockCmd                   0x0800145d   Thumb Code    26  stm32f10x_rcc.o(i.RCC_APB2PeriphClockCmd)
    RCC_Configuration                        0x0800147d   Thumb Code    22  bsp.o(i.RCC_Configuration)
    RCC_GetClocksFreq                        0x08001495   Thumb Code   192  stm32f10x_rcc.o(i.RCC_GetClocksFreq)
    RCC_IRQHandler                           0x08001569   Thumb Code     2  stm32f10x_it.o(i.RCC_IRQHandler)
    RTCAlarm_IRQHandler                      0x0800156b   Thumb Code     2  stm32f10x_it.o(i.RTCAlarm_IRQHandler)
    RTC_IRQHandler                           0x0800156d   Thumb Code     2  stm32f10x_it.o(i.RTC_IRQHandler)
    SDIO_IRQHandler                          0x0800156f   Thumb Code     2  stm32f10x_it.o(i.SDIO_IRQHandler)
    SPI1_IRQHandler                          0x08001571   Thumb Code     2  stm32f10x_it.o(i.SPI1_IRQHandler)
    SPI2_IRQHandler                          0x08001573   Thumb Code     2  stm32f10x_it.o(i.SPI2_IRQHandler)
    SPI3_IRQHandler                          0x08001575   Thumb Code     2  stm32f10x_it.o(i.SPI3_IRQHandler)
    SPI_Cmd                                  0x08001577   Thumb Code    24  stm32f10x_spi.o(i.SPI_Cmd)
    SPI_Init                                 0x0800158f   Thumb Code    60  stm32f10x_spi.o(i.SPI_Init)
    SVCHandler                               0x080015cb   Thumb Code     2  stm32f10x_it.o(i.SVCHandler)
    SVC_Handler                              0x080015cb   Thumb Code     0  stm32f10x_it.o(i.SVCHandler)
    SystemInit                               0x080016b5   Thumb Code    70  system_stm32f10x.o(i.SystemInit)
    TAMPER_IRQHandler                        0x08001709   Thumb Code     2  stm32f10x_it.o(i.TAMPER_IRQHandler)
    TIM1_BRK_IRQHandler                      0x0800170b   Thumb Code     2  stm32f10x_it.o(i.TIM1_BRK_IRQHandler)
    TIM1_CC_IRQHandler                       0x0800170d   Thumb Code     2  stm32f10x_it.o(i.TIM1_CC_IRQHandler)
    TIM1_TRG_COM_IRQHandler                  0x0800170f   Thumb Code     2  stm32f10x_it.o(i.TIM1_TRG_COM_IRQHandler)
    TIM1_UP_IRQHandler                       0x08001711   Thumb Code     2  stm32f10x_it.o(i.TIM1_UP_IRQHandler)
    TIM2_IRQHandler                          0x08001713   Thumb Code     2  stm32f10x_it.o(i.TIM2_IRQHandler)
    TIM3_IRQHandler                          0x08001715   Thumb Code     2  stm32f10x_it.o(i.TIM3_IRQHandler)
    TIM4_IRQHandler                          0x08001717   Thumb Code     2  stm32f10x_it.o(i.TIM4_IRQHandler)
    TIM5_IRQHandler                          0x08001719   Thumb Code     2  stm32f10x_it.o(i.TIM5_IRQHandler)
    TIM6_IRQHandler                          0x0800171b   Thumb Code     2  stm32f10x_it.o(i.TIM6_IRQHandler)
    TIM7_IRQHandler                          0x0800171d   Thumb Code     2  stm32f10x_it.o(i.TIM7_IRQHandler)
    TIM8_BRK_IRQHandler                      0x0800171f   Thumb Code     2  stm32f10x_it.o(i.TIM8_BRK_IRQHandler)
    TIM8_CC_IRQHandler                       0x08001721   Thumb Code     2  stm32f10x_it.o(i.TIM8_CC_IRQHandler)
    TIM8_TRG_COM_IRQHandler                  0x08001723   Thumb Code     2  stm32f10x_it.o(i.TIM8_TRG_COM_IRQHandler)
    TIM8_UP_IRQHandler                       0x08001725   Thumb Code     2  stm32f10x_it.o(i.TIM8_UP_IRQHandler)
    TIM_CtrlPWMOutputs                       0x08001727   Thumb Code    30  stm32f10x_tim.o(i.TIM_CtrlPWMOutputs)
    TIM_OC1Init                              0x08001745   Thumb Code   132  stm32f10x_tim.o(i.TIM_OC1Init)
    TIM_TimeBaseInit                         0x080017dd   Thumb Code   122  stm32f10x_tim.o(i.TIM_TimeBaseInit)
    TIM_TimeBaseStructInit                   0x08001881   Thumb Code    18  stm32f10x_tim.o(i.TIM_TimeBaseStructInit)
    UART4_IRQHandler                         0x08001893   Thumb Code     2  stm32f10x_it.o(i.UART4_IRQHandler)
    UART5_IRQHandler                         0x08001895   Thumb Code     2  stm32f10x_it.o(i.UART5_IRQHandler)
    USART1_IRQHandler                        0x08001899   Thumb Code   106  stm32f10x_it.o(i.USART1_IRQHandler)
    USART1_configuration                     0x08001945   Thumb Code   176  usart.o(i.USART1_configuration)
    USART1_printf                            0x080019fd   Thumb Code    40  usart.o(i.USART1_printf)
    USART1_printf_line                       0x08001a2d   Thumb Code    48  usart.o(i.USART1_printf_line)
    USART2_IRQHandler                        0x08001a69   Thumb Code     2  stm32f10x_it.o(i.USART2_IRQHandler)
    USART3_IRQHandler                        0x08001a6b   Thumb Code     2  stm32f10x_it.o(i.USART3_IRQHandler)
    USART_Cmd                                0x08001a6d   Thumb Code    24  stm32f10x_usart.o(i.USART_Cmd)
    USART_GetFlagStatus                      0x08001a85   Thumb Code    26  stm32f10x_usart.o(i.USART_GetFlagStatus)
    USART_ITConfig                           0x08001a9f   Thumb Code    74  stm32f10x_usart.o(i.USART_ITConfig)
    USART_Init                               0x08001ae9   Thumb Code   210  stm32f10x_usart.o(i.USART_Init)
    USART_ReceiveData                        0x08001bc1   Thumb Code    10  stm32f10x_usart.o(i.USART_ReceiveData)
    USART_SendData                           0x08001bcd   Thumb Code    22  stm32f10x_usart.o(i.USART_SendData)
    USART_SendStr                            0x08001be9   Thumb Code    30  usart.o(i.USART_SendStr)
    USBWakeUp_IRQHandler                     0x08001c07   Thumb Code     2  stm32f10x_it.o(i.USBWakeUp_IRQHandler)
    UsageFaultException                      0x08001c09   Thumb Code     4  stm32f10x_it.o(i.UsageFaultException)
    UsageFault_Handler                       0x08001c09   Thumb Code     0  stm32f10x_it.o(i.UsageFaultException)
    WWDG_IRQHandler                          0x08001c0d   Thumb Code     2  stm32f10x_it.o(i.WWDG_IRQHandler)
    __0vsnprintf                             0x08001c11   Thumb Code    40  printfa.o(i.__0vsnprintf)
    __1vsnprintf                             0x08001c11   Thumb Code     0  printfa.o(i.__0vsnprintf)
    __2vsnprintf                             0x08001c11   Thumb Code     0  printfa.o(i.__0vsnprintf)
    __c89vsnprintf                           0x08001c11   Thumb Code     0  printfa.o(i.__0vsnprintf)
    vsnprintf                                0x08001c11   Thumb Code     0  printfa.o(i.__0vsnprintf)
    __scatterload_copy                       0x08001c3d   Thumb Code    14  handlers.o(i.__scatterload_copy)
    __scatterload_null                       0x08001c4b   Thumb Code     2  handlers.o(i.__scatterload_null)
    __scatterload_zeroinit                   0x08001c4d   Thumb Code    14  handlers.o(i.__scatterload_zeroinit)
    delay_ms                                 0x08002525   Thumb Code    56  delay.o(i.delay_ms)
    delay_us                                 0x0800255d   Thumb Code    54  delay.o(i.delay_us)
    main                                     0x08002595   Thumb Code    66  main.o(i.main)
    printf1                                  0x080025fd   Thumb Code    28  usart.o(i.printf1)
    scanf1                                   0x0800261d   Thumb Code    46  usart.o(i.scanf1)
    spiFlashInit                             0x08002655   Thumb Code   150  spiflash.o(i.spiFlashInit)
    spiFlashSelect                           0x080026f5   Thumb Code    26  spiflash.o(i.spiFlashSelect)
    touchPanelInit                           0x08002715   Thumb Code   178  touch_panel.o(i.touchPanelInit)
    Region$$Table$$Base                      0x080027d4   Number         0  anon$$obj.o(Region$$Table)
    Region$$Table$$Limit                     0x080027f4   Number         0  anon$$obj.o(Region$$Table)
    commstr                                  0x20000000   Data          54  main.o(.data)
    buf1                                     0x20000036   Data          32  main.o(.data)
    buf1Pos                                  0x20000056   Data           2  main.o(.data)
    ScanfFlag                                0x20000058   Data           2  main.o(.data)
    cc                                       0x2000005a   Data           2  main.o(.data)
    cc1                                      0x2000005c   Data           2  main.o(.data)
    Screen                                   0x2000005e   Data          12  gui.o(.data)
    Label                                    0x2000006a   Data         372  gui.o(.data)
    touch_left                               0x200001de   Data           2  gui.o(.data)
    touch_top                                0x200001e0   Data           2  gui.o(.data)
    LCD_COORD                                0x200001e2   Data           1  tftlcd.o(.data)
    VcBuf                                    0x200001f8   Data       32000  main.o(.bss)
    atap_arg                                 0x20007ef8   Data          12  main.o(.bss)
    valid_voice                              0x20007f04   Data          24  main.o(.bss)
    ftr                                      0x20007f1c   Data        2860  main.o(.bss)
    c                                        0x20008a48   Data          32  main.o(.bss)
    printfBuf                                0x20008a68   Data         256  usart.o(.bss)
    __initial_sp                             0x20009368   Data           0  startup_stm32f10x_hd.o(STACK)



==============================================================================

Memory Map of the image

  Image Entry point : 0x08000131

  Load Region LR_IROM1 (Base: 0x08000000, Size: 0x000029ec, Max: 0x00080000, ABSOLUTE, COMPRESSED[0x000028e8])

    Execution Region ER_IROM1 (Exec base: 0x08000000, Load base: 0x08000000, Size: 0x000027f4, Max: 0x00080000, ABSOLUTE)

    Exec Addr    Load Addr    Size         Type   Attr      Idx    E Section Name        Object

    0x08000000   0x08000000   0x00000130   Data   RO         1207    RESET               startup_stm32f10x_hd.o
    0x08000130   0x08000130   0x00000000   Code   RO         4227  * .ARM.Collect$$$$00000000  mc_w.l(entry.o)
    0x08000130   0x08000130   0x00000004   Code   RO         4295    .ARM.Collect$$$$00000001  mc_w.l(entry2.o)
    0x08000134   0x08000134   0x00000004   Code   RO         4298    .ARM.Collect$$$$00000004  mc_w.l(entry5.o)
    0x08000138   0x08000138   0x00000000   Code   RO         4300    .ARM.Collect$$$$00000008  mc_w.l(entry7b.o)
    0x08000138   0x08000138   0x00000000   Code   RO         4302    .ARM.Collect$$$$0000000A  mc_w.l(entry8b.o)
    0x08000138   0x08000138   0x00000008   Code   RO         4303    .ARM.Collect$$$$0000000B  mc_w.l(entry9a.o)
    0x08000140   0x08000140   0x00000000   Code   RO         4305    .ARM.Collect$$$$0000000D  mc_w.l(entry10a.o)
    0x08000140   0x08000140   0x00000000   Code   RO         4307    .ARM.Collect$$$$0000000F  mc_w.l(entry11a.o)
    0x08000140   0x08000140   0x00000004   Code   RO         4296    .ARM.Collect$$$$00002712  mc_w.l(entry2.o)
    0x08000144   0x08000144   0x00000024   Code   RO         1208    .text               startup_stm32f10x_hd.o
    0x08000168   0x08000168   0x0000001c   Code   RO         4230    .text               mc_w.l(strcmp.o)
    0x08000184   0x08000184   0x00000012   Code   RO         4234    .text               mc_w.l(strcpy.o)
    0x08000196   0x08000196   0x000000e4   Code   RO         4266    .text               mf_w.l(dmul.o)
    0x0800027a   0x0800027a   0x0000002c   Code   RO         4312    .text               mc_w.l(uidiv.o)
    0x080002a6   0x080002a6   0x00000062   Code   RO         4314    .text               mc_w.l(uldiv.o)
    0x08000308   0x08000308   0x00000020   Code   RO         4316    .text               mc_w.l(llushr.o)
    0x08000328   0x08000328   0x00000000   Code   RO         4325    .text               mc_w.l(iusefp.o)
    0x08000328   0x08000328   0x000000ba   Code   RO         4330    .text               mf_w.l(depilogue.o)
    0x080003e2   0x080003e2   0x0000014e   Code   RO         4332    .text               mf_w.l(dadd.o)
    0x08000530   0x08000530   0x000000de   Code   RO         4334    .text               mf_w.l(ddiv.o)
    0x0800060e   0x0800060e   0x00000030   Code   RO         4340    .text               mf_w.l(dfixul.o)
    0x0800063e   0x0800063e   0x00000002   PAD
    0x08000640   0x08000640   0x00000030   Code   RO         4344    .text               mf_w.l(cdrcmple.o)
    0x08000670   0x08000670   0x00000024   Code   RO         4346    .text               mc_w.l(init.o)
    0x08000694   0x08000694   0x0000001e   Code   RO         4349    .text               mc_w.l(llshl.o)
    0x080006b2   0x080006b2   0x00000024   Code   RO         4351    .text               mc_w.l(llsshr.o)
    0x080006d6   0x080006d6   0x00000056   Code   RO         4362    .text               mc_w.l(__dczerorl2.o)
    0x0800072c   0x0800072c   0x00000002   Code   RO          740    i.ADC1_2_IRQHandler  stm32f10x_it.o
    0x0800072e   0x0800072e   0x00000002   Code   RO          741    i.ADC3_IRQHandler   stm32f10x_it.o
    0x08000730   0x08000730   0x00000016   Code   RO         1257    i.ADC_Cmd           stm32f10x_adc.o
    0x08000746   0x08000746   0x00000016   Code   RO         1258    i.ADC_DMACmd        stm32f10x_adc.o
    0x0800075c   0x0800075c   0x00000154   Code   RO          376    i.ADC_DMA_Init      adc.o
    0x080008b0   0x080008b0   0x00000014   Code   RO         1265    i.ADC_GetCalibrationStatus  stm32f10x_adc.o
    0x080008c4   0x080008c4   0x00000014   Code   RO         1271    i.ADC_GetResetCalibrationStatus  stm32f10x_adc.o
    0x080008d8   0x080008d8   0x00000050   Code   RO         1275    i.ADC_Init          stm32f10x_adc.o
    0x08000928   0x08000928   0x000000b8   Code   RO         1279    i.ADC_RegularChannelConfig  stm32f10x_adc.o
    0x080009e0   0x080009e0   0x0000000a   Code   RO         1280    i.ADC_ResetCalibration  stm32f10x_adc.o
    0x080009ea   0x080009ea   0x00000016   Code   RO         1282    i.ADC_SoftwareStartConvCmd  stm32f10x_adc.o
    0x08000a00   0x08000a00   0x0000000a   Code   RO         1284    i.ADC_StartCalibration  stm32f10x_adc.o
    0x08000a0a   0x08000a0a   0x00000002   PAD
    0x08000a0c   0x08000a0c   0x00000030   Code   RO          332    i.BSP_Init          bsp.o
    0x08000a3c   0x08000a3c   0x00000004   Code   RO          742    i.BusFaultException  stm32f10x_it.o
    0x08000a40   0x08000a40   0x00000002   Code   RO          745    i.DMA1_Channel1_IRQHandler  stm32f10x_it.o
    0x08000a42   0x08000a42   0x00000002   Code   RO          746    i.DMA1_Channel2_IRQHandler  stm32f10x_it.o
    0x08000a44   0x08000a44   0x00000002   Code   RO          747    i.DMA1_Channel3_IRQHandler  stm32f10x_it.o
    0x08000a46   0x08000a46   0x00000002   Code   RO          748    i.DMA1_Channel4_IRQHandler  stm32f10x_it.o
    0x08000a48   0x08000a48   0x00000002   Code   RO          749    i.DMA1_Channel5_IRQHandler  stm32f10x_it.o
    0x08000a4a   0x08000a4a   0x00000002   Code   RO          750    i.DMA1_Channel6_IRQHandler  stm32f10x_it.o
    0x08000a4c   0x08000a4c   0x00000002   Code   RO          751    i.DMA1_Channel7_IRQHandler  stm32f10x_it.o
    0x08000a4e   0x08000a4e   0x00000002   Code   RO          752    i.DMA2_Channel1_IRQHandler  stm32f10x_it.o
    0x08000a50   0x08000a50   0x00000002   Code   RO          753    i.DMA2_Channel2_IRQHandler  stm32f10x_it.o
    0x08000a52   0x08000a52   0x00000002   Code   RO          754    i.DMA2_Channel3_IRQHandler  stm32f10x_it.o
    0x08000a54   0x08000a54   0x00000002   Code   RO          755    i.DMA2_Channel4_5_IRQHandler  stm32f10x_it.o
    0x08000a56   0x08000a56   0x00000016   Code   RO         1936    i.DMA_Cmd           stm32f10x_dma.o
    0x08000a6c   0x08000a6c   0x0000014c   Code   RO         1937    i.DMA_DeInit        stm32f10x_dma.o
    0x08000bb8   0x08000bb8   0x0000003c   Code   RO         1942    i.DMA_Init          stm32f10x_dma.o
    0x08000bf4   0x08000bf4   0x00000002   Code   RO          756    i.DebugMonitor      stm32f10x_it.o
    0x08000bf6   0x08000bf6   0x00000002   Code   RO          757    i.EXTI0_IRQHandler  stm32f10x_it.o
    0x08000bf8   0x08000bf8   0x00000002   Code   RO          758    i.EXTI15_10_IRQHandler  stm32f10x_it.o
    0x08000bfa   0x08000bfa   0x00000002   Code   RO          759    i.EXTI1_IRQHandler  stm32f10x_it.o
    0x08000bfc   0x08000bfc   0x00000002   Code   RO          760    i.EXTI2_IRQHandler  stm32f10x_it.o
    0x08000bfe   0x08000bfe   0x00000002   Code   RO          761    i.EXTI3_IRQHandler  stm32f10x_it.o
    0x08000c00   0x08000c00   0x00000002   Code   RO          762    i.EXTI4_IRQHandler  stm32f10x_it.o
    0x08000c02   0x08000c02   0x00000002   Code   RO          763    i.EXTI9_5_IRQHandler  stm32f10x_it.o
    0x08000c04   0x08000c04   0x00000002   Code   RO          764    i.FLASH_IRQHandler  stm32f10x_it.o
    0x08000c06   0x08000c06   0x00000002   Code   RO          765    i.FSMC_IRQHandler   stm32f10x_it.o
    0x08000c08   0x08000c08   0x000000c8   Code   RO          460    i.FSMC_LCD_Init     tftlcd.o
    0x08000cd0   0x08000cd0   0x00000034   Code   RO         2248    i.FSMC_NORSRAMCmd   stm32f10x_fsmc.o
    0x08000d04   0x08000d04   0x000000e2   Code   RO         2250    i.FSMC_NORSRAMInit  stm32f10x_fsmc.o
    0x08000de6   0x08000de6   0x00000002   PAD
    0x08000de8   0x08000de8   0x00000050   Code   RO          333    i.GPIO_Configuration  bsp.o
    0x08000e38   0x08000e38   0x00000116   Code   RO         2366    i.GPIO_Init         stm32f10x_gpio.o
    0x08000f4e   0x08000f4e   0x00000004   Code   RO         2373    i.GPIO_ResetBits    stm32f10x_gpio.o
    0x08000f52   0x08000f52   0x0000000a   Code   RO         2377    i.GPIO_WriteBit     stm32f10x_gpio.o
    0x08000f5c   0x08000f5c   0x00000004   Code   RO          766    i.HardFaultException  stm32f10x_it.o
    0x08000f60   0x08000f60   0x00000002   Code   RO          767    i.I2C1_ER_IRQHandler  stm32f10x_it.o
    0x08000f62   0x08000f62   0x00000002   Code   RO          768    i.I2C1_EV_IRQHandler  stm32f10x_it.o
    0x08000f64   0x08000f64   0x00000002   Code   RO          769    i.I2C2_ER_IRQHandler  stm32f10x_it.o
    0x08000f66   0x08000f66   0x00000002   Code   RO          770    i.I2C2_EV_IRQHandler  stm32f10x_it.o
    0x08000f68   0x08000f68   0x0000009c   Code   RO          463    i.LCD_Fill          tftlcd.o
    0x08001004   0x08001004   0x00000304   Code   RO          464    i.LCD_Init          tftlcd.o
    0x08001308   0x08001308   0x0000001c   Code   RO          466    i.LCD_Set_Address   tftlcd.o
    0x08001324   0x08001324   0x00000030   Code   RO          467    i.LCD_Set_Coord     tftlcd.o
    0x08001354   0x08001354   0x00000034   Code   RO          468    i.LCD_Set_Disp_Window  tftlcd.o
    0x08001388   0x08001388   0x00000004   Code   RO          771    i.MemManageException  stm32f10x_it.o
    0x0800138c   0x0800138c   0x00000002   Code   RO          772    i.NMIException      stm32f10x_it.o
    0x0800138e   0x0800138e   0x00000002   PAD
    0x08001390   0x08001390   0x00000070   Code   RO         1212    i.NVIC_Init         misc.o
    0x08001400   0x08001400   0x00000002   Code   RO          773    i.PVD_IRQHandler    stm32f10x_it.o
    0x08001402   0x08001402   0x00000002   PAD
    0x08001404   0x08001404   0x00000018   Code   RO         2786    i.RCC_ADCCLKConfig  stm32f10x_rcc.o
    0x0800141c   0x0800141c   0x00000020   Code   RO         2787    i.RCC_AHBPeriphClockCmd  stm32f10x_rcc.o
    0x0800143c   0x0800143c   0x00000020   Code   RO         2788    i.RCC_APB1PeriphClockCmd  stm32f10x_rcc.o
    0x0800145c   0x0800145c   0x00000020   Code   RO         2790    i.RCC_APB2PeriphClockCmd  stm32f10x_rcc.o
    0x0800147c   0x0800147c   0x00000016   Code   RO          335    i.RCC_Configuration  bsp.o
    0x08001492   0x08001492   0x00000002   PAD
    0x08001494   0x08001494   0x000000d4   Code   RO         2798    i.RCC_GetClocksFreq  stm32f10x_rcc.o
    0x08001568   0x08001568   0x00000002   Code   RO          775    i.RCC_IRQHandler    stm32f10x_it.o
    0x0800156a   0x0800156a   0x00000002   Code   RO          776    i.RTCAlarm_IRQHandler  stm32f10x_it.o
    0x0800156c   0x0800156c   0x00000002   Code   RO          777    i.RTC_IRQHandler    stm32f10x_it.o
    0x0800156e   0x0800156e   0x00000002   Code   RO          778    i.SDIO_IRQHandler   stm32f10x_it.o
    0x08001570   0x08001570   0x00000002   Code   RO          779    i.SPI1_IRQHandler   stm32f10x_it.o
    0x08001572   0x08001572   0x00000002   Code   RO          780    i.SPI2_IRQHandler   stm32f10x_it.o
    0x08001574   0x08001574   0x00000002   Code   RO          781    i.SPI3_IRQHandler   stm32f10x_it.o
    0x08001576   0x08001576   0x00000018   Code   RO         3276    i.SPI_Cmd           stm32f10x_spi.o
    0x0800158e   0x0800158e   0x0000003c   Code   RO         3289    i.SPI_Init          stm32f10x_spi.o
    0x080015ca   0x080015ca   0x00000002   Code   RO          782    i.SVCHandler        stm32f10x_it.o
    0x080015cc   0x080015cc   0x00000008   Code   RO         1164    i.SetSysClock       system_stm32f10x.o
    0x080015d4   0x080015d4   0x000000e0   Code   RO         1165    i.SetSysClockTo72   system_stm32f10x.o
    0x080016b4   0x080016b4   0x00000054   Code   RO         1167    i.SystemInit        system_stm32f10x.o
    0x08001708   0x08001708   0x00000002   Code   RO          784    i.TAMPER_IRQHandler  stm32f10x_it.o
    0x0800170a   0x0800170a   0x00000002   Code   RO          785    i.TIM1_BRK_IRQHandler  stm32f10x_it.o
    0x0800170c   0x0800170c   0x00000002   Code   RO          786    i.TIM1_CC_IRQHandler  stm32f10x_it.o
    0x0800170e   0x0800170e   0x00000002   Code   RO          787    i.TIM1_TRG_COM_IRQHandler  stm32f10x_it.o
    0x08001710   0x08001710   0x00000002   Code   RO          788    i.TIM1_UP_IRQHandler  stm32f10x_it.o
    0x08001712   0x08001712   0x00000002   Code   RO          789    i.TIM2_IRQHandler   stm32f10x_it.o
    0x08001714   0x08001714   0x00000002   Code   RO          790    i.TIM3_IRQHandler   stm32f10x_it.o
    0x08001716   0x08001716   0x00000002   Code   RO          791    i.TIM4_IRQHandler   stm32f10x_it.o
    0x08001718   0x08001718   0x00000002   Code   RO          792    i.TIM5_IRQHandler   stm32f10x_it.o
    0x0800171a   0x0800171a   0x00000002   Code   RO          793    i.TIM6_IRQHandler   stm32f10x_it.o
    0x0800171c   0x0800171c   0x00000002   Code   RO          794    i.TIM7_IRQHandler   stm32f10x_it.o
    0x0800171e   0x0800171e   0x00000002   Code   RO          795    i.TIM8_BRK_IRQHandler  stm32f10x_it.o
    0x08001720   0x08001720   0x00000002   Code   RO          796    i.TIM8_CC_IRQHandler  stm32f10x_it.o
    0x08001722   0x08001722   0x00000002   Code   RO          797    i.TIM8_TRG_COM_IRQHandler  stm32f10x_it.o
    0x08001724   0x08001724   0x00000002   Code   RO          798    i.TIM8_UP_IRQHandler  stm32f10x_it.o
    0x08001726   0x08001726   0x0000001e   Code   RO         3436    i.TIM_CtrlPWMOutputs  stm32f10x_tim.o
    0x08001744   0x08001744   0x00000098   Code   RO         3463    i.TIM_OC1Init       stm32f10x_tim.o
    0x080017dc   0x080017dc   0x000000a4   Code   RO         3505    i.TIM_TimeBaseInit  stm32f10x_tim.o
    0x08001880   0x08001880   0x00000012   Code   RO         3506    i.TIM_TimeBaseStructInit  stm32f10x_tim.o
    0x08001892   0x08001892   0x00000002   Code   RO          799    i.UART4_IRQHandler  stm32f10x_it.o
    0x08001894   0x08001894   0x00000002   Code   RO          800    i.UART5_IRQHandler  stm32f10x_it.o
    0x08001896   0x08001896   0x00000002   PAD
    0x08001898   0x08001898   0x000000ac   Code   RO          801    i.USART1_IRQHandler  stm32f10x_it.o
    0x08001944   0x08001944   0x000000b8   Code   RO          578    i.USART1_configuration  usart.o
    0x080019fc   0x080019fc   0x00000030   Code   RO          580    i.USART1_printf     usart.o
    0x08001a2c   0x08001a2c   0x0000003c   Code   RO          581    i.USART1_printf_line  usart.o
    0x08001a68   0x08001a68   0x00000002   Code   RO          802    i.USART2_IRQHandler  stm32f10x_it.o
    0x08001a6a   0x08001a6a   0x00000002   Code   RO          803    i.USART3_IRQHandler  stm32f10x_it.o
    0x08001a6c   0x08001a6c   0x00000018   Code   RO         3973    i.USART_Cmd         stm32f10x_usart.o
    0x08001a84   0x08001a84   0x0000001a   Code   RO         3976    i.USART_GetFlagStatus  stm32f10x_usart.o
    0x08001a9e   0x08001a9e   0x0000004a   Code   RO         3979    i.USART_ITConfig    stm32f10x_usart.o
    0x08001ae8   0x08001ae8   0x000000d8   Code   RO         3980    i.USART_Init        stm32f10x_usart.o
    0x08001bc0   0x08001bc0   0x0000000a   Code   RO         3987    i.USART_ReceiveData  stm32f10x_usart.o
    0x08001bca   0x08001bca   0x00000002   PAD
    0x08001bcc   0x08001bcc   0x0000001c   Code   RO         3990    i.USART_SendData    stm32f10x_usart.o
    0x08001be8   0x08001be8   0x0000001e   Code   RO          583    i.USART_SendStr     usart.o
    0x08001c06   0x08001c06   0x00000002   Code   RO          804    i.USBWakeUp_IRQHandler  stm32f10x_it.o
    0x08001c08   0x08001c08   0x00000004   Code   RO          807    i.UsageFaultException  stm32f10x_it.o
    0x08001c0c   0x08001c0c   0x00000002   Code   RO          808    i.WWDG_IRQHandler   stm32f10x_it.o
    0x08001c0e   0x08001c0e   0x00000002   PAD
    0x08001c10   0x08001c10   0x0000002c   Code   RO         4242    i.__0vsnprintf      mc_w.l(printfa.o)
    0x08001c3c   0x08001c3c   0x0000000e   Code   RO         4356    i.__scatterload_copy  mc_w.l(handlers.o)
    0x08001c4a   0x08001c4a   0x00000002   Code   RO         4357    i.__scatterload_null  mc_w.l(handlers.o)
    0x08001c4c   0x08001c4c   0x0000000e   Code   RO         4358    i.__scatterload_zeroinit  mc_w.l(handlers.o)
    0x08001c5a   0x08001c5a   0x00000002   PAD
    0x08001c5c   0x08001c5c   0x00000184   Code   RO         4244    i._fp_digits        mc_w.l(printfa.o)
    0x08001de0   0x08001de0   0x000006dc   Code   RO         4245    i._printf_core      mc_w.l(printfa.o)
    0x080024bc   0x080024bc   0x00000024   Code   RO         4246    i._printf_post_padding  mc_w.l(printfa.o)
    0x080024e0   0x080024e0   0x0000002e   Code   RO         4247    i._printf_pre_padding  mc_w.l(printfa.o)
    0x0800250e   0x0800250e   0x00000016   Code   RO         4248    i._snputc           mc_w.l(printfa.o)
    0x08002524   0x08002524   0x00000038   Code   RO          403    i.delay_ms          delay.o
    0x0800255c   0x0800255c   0x00000036   Code   RO          404    i.delay_us          delay.o
    0x08002592   0x08002592   0x00000002   PAD
    0x08002594   0x08002594   0x00000068   Code   RO            1    i.main              main.o
    0x080025fc   0x080025fc   0x00000020   Code   RO          584    i.printf1           usart.o
    0x0800261c   0x0800261c   0x00000038   Code   RO          585    i.scanf1            usart.o
    0x08002654   0x08002654   0x000000a0   Code   RO          651    i.spiFlashInit      spiflash.o
    0x080026f4   0x080026f4   0x00000020   Code   RO          655    i.spiFlashSelect    spiflash.o
    0x08002714   0x08002714   0x000000c0   Code   RO          552    i.touchPanelInit    touch_panel.o
    0x080027d4   0x080027d4   0x00000020   Data   RO         4354    Region$$Table       anon$$obj.o


    Execution Region RW_IRAM1 (Exec base: 0x20000000, Load base: 0x080027f4, Size: 0x00009368, Max: 0x00010000, ABSOLUTE, COMPRESSED[0x000000f4])

    Exec Addr    Load Addr    Size         Type   Attr      Idx    E Section Name        Object

    0x20000000   COMPRESSED   0x0000005e   Data   RW            8    .data               main.o
    0x2000005e   COMPRESSED   0x00000184   Data   RW          275    .data               gui.o
    0x200001e2   COMPRESSED   0x00000001   Data   RW          472    .data               tftlcd.o
    0x200001e3   COMPRESSED   0x00000014   Data   RW         2818    .data               stm32f10x_rcc.o
    0x200001f7   COMPRESSED   0x00000001   PAD
    0x200001f8        -       0x00008870   Zero   RW            7    .bss                main.o
    0x20008a68        -       0x00000100   Zero   RW          586    .bss                usart.o
    0x20008b68        -       0x00000800   Zero   RW         1205    STACK               startup_stm32f10x_hd.o


==============================================================================

Image component sizes


      Code (inc. data)   RO Data    RW Data    ZI Data      Debug   Object Name

       340         22          0          0          0        831   adc.o
       150         24          0          0          0       1496   bsp.o
         0          0          0          0          0         32   cr4_fft_1024_stm32.o
       110          0          0          0          0       1062   delay.o
         0          0          0        388          0       2332   gui.o
       104         38          0         94      34928     279032   main.o
       112         12          0          0          0       2848   misc.o
       192         16          0          0          0       1168   spiflash.o
        36          8        304          0       2048        880   startup_stm32f10x_hd.o
       390         10          0          0          0      25657   stm32f10x_adc.o
       414         10          0          0          0      12934   stm32f10x_dma.o
       278          6          0          0          0       9665   stm32f10x_fsmc.o
       292          0          0          0          0      11413   stm32f10x_gpio.o
       304         66          0          0          0      30968   stm32f10x_it.o
       332         44          0         20          0      14621   stm32f10x_rcc.o
        84          0          0          0          0       9389   stm32f10x_spi.o
       364         62          0          0          0      22215   stm32f10x_tim.o
       378         12          0          0          0      11789   stm32f10x_usart.o
       316         24          0          0          0       2077   system_stm32f10x.o
      1256         54          0          1          0       4414   tftlcd.o
       192         14          0          0          0        665   touch_panel.o
       410         42          0          0        256       4380   usart.o

    ----------------------------------------------------------------------
      6072        464        336        504      37232     449868   Object Totals
         0          0         32          0          0          0   (incl. Generated)
        18          0          0          1          0          0   (incl. Padding)

    ----------------------------------------------------------------------

      Code (inc. data)   RO Data    RW Data    ZI Data      Debug   Library Member Name

        86          0          0          0          0          0   __dczerorl2.o
         0          0          0          0          0          0   entry.o
         0          0          0          0          0          0   entry10a.o
         0          0          0          0          0          0   entry11a.o
         8          4          0          0          0          0   entry2.o
         4          0          0          0          0          0   entry5.o
         0          0          0          0          0          0   entry7b.o
         0          0          0          0          0          0   entry8b.o
         8          4          0          0          0          0   entry9a.o
        30          0          0          0          0          0   handlers.o
        36          8          0          0          0         68   init.o
         0          0          0          0          0          0   iusefp.o
        30          0          0          0          0         68   llshl.o
        36          0          0          0          0         68   llsshr.o
        32          0          0          0          0         68   llushr.o
      2292         84          0          0          0        516   printfa.o
        28          0          0          0          0         76   strcmp.o
        18          0          0          0          0         68   strcpy.o
        44          0          0          0          0         80   uidiv.o
        98          0          0          0          0         92   uldiv.o
        48          0          0          0          0         68   cdrcmple.o
       334          0          0          0          0        148   dadd.o
       222          0          0          0          0        100   ddiv.o
       186          0          0          0          0        176   depilogue.o
        48          0          0          0          0         68   dfixul.o
       228          0          0          0          0         96   dmul.o

    ----------------------------------------------------------------------
      3820        100          0          0          0       1760   Library Totals
         4          0          0          0          0          0   (incl. Padding)

    ----------------------------------------------------------------------

      Code (inc. data)   RO Data    RW Data    ZI Data      Debug   Library Name

      2750        100          0          0          0       1104   mc_w.l
      1066          0          0          0          0        656   mf_w.l

    ----------------------------------------------------------------------
      3820        100          0          0          0       1760   Library Totals

    ----------------------------------------------------------------------

==============================================================================


      Code (inc. data)   RO Data    RW Data    ZI Data      Debug   

      9892        564        336        504      37232     444684   Grand Totals
      9892        564        336        244      37232     444684   ELF Image Totals (compressed)
      9892        564        336        244          0          0   ROM Totals

==============================================================================

    Total RO  Size (Code + RO Data)                10228 (   9.99kB)
    Total RW  Size (RW Data + ZI Data)             37736 (  36.85kB)
    Total ROM Size (Code + RO Data + RW Data)      10472 (  10.23kB)

==============================================================================

